---
source: tests/lexer_snapshots.rs
expression: tokens
input_file: examples/language/15_ffi_pinning.of
---
Ok(
    [
        Token {
            token_type: Import,
            position: 6,
            line: 1,
            column: 7,
        },
        Token {
            token_type: LeftBrace,
            position: 8,
            line: 1,
            column: 9,
        },
        Token {
            token_type: Identifier(
                "print",
            ),
            position: 14,
            line: 1,
            column: 15,
        },
        Token {
            token_type: RightBrace,
            position: 16,
            line: 1,
            column: 17,
        },
        Token {
            token_type: From,
            position: 21,
            line: 1,
            column: 22,
        },
        Token {
            token_type: StringLit(
                "of:core",
            ),
            position: 31,
            line: 1,
            column: 32,
        },
        Token {
            token_type: Semicolon,
            position: 32,
            line: 1,
            column: 33,
        },
        Token {
            token_type: Type,
            position: 171,
            line: 6,
            column: 5,
        },
        Token {
            token_type: Identifier(
                "TickCb",
            ),
            position: 178,
            line: 6,
            column: 12,
        },
        Token {
            token_type: Eq,
            position: 180,
            line: 6,
            column: 14,
        },
        Token {
            token_type: Extern,
            position: 187,
            line: 6,
            column: 21,
        },
        Token {
            token_type: LeftParen,
            position: 189,
            line: 6,
            column: 23,
        },
        Token {
            token_type: Identifier(
                "d",
            ),
            position: 190,
            line: 6,
            column: 24,
        },
        Token {
            token_type: Colon,
            position: 191,
            line: 6,
            column: 25,
        },
        Token {
            token_type: Star,
            position: 193,
            line: 6,
            column: 27,
        },
        Token {
            token_type: Identifier(
                "MyStruct",
            ),
            position: 201,
            line: 6,
            column: 35,
        },
        Token {
            token_type: RightParen,
            position: 202,
            line: 6,
            column: 36,
        },
        Token {
            token_type: FatArrow,
            position: 205,
            line: 6,
            column: 39,
        },
        Token {
            token_type: Identifier(
                "void",
            ),
            position: 210,
            line: 6,
            column: 44,
        },
        Token {
            token_type: Semicolon,
            position: 211,
            line: 6,
            column: 45,
        },
        Token {
            token_type: Extern,
            position: 219,
            line: 8,
            column: 7,
        },
        Token {
            token_type: Function,
            position: 228,
            line: 8,
            column: 16,
        },
        Token {
            token_type: Identifier(
                "register_callback",
            ),
            position: 246,
            line: 8,
            column: 34,
        },
        Token {
            token_type: LeftParen,
            position: 247,
            line: 8,
            column: 35,
        },
        Token {
            token_type: Identifier(
                "data",
            ),
            position: 251,
            line: 8,
            column: 39,
        },
        Token {
            token_type: Colon,
            position: 252,
            line: 8,
            column: 40,
        },
        Token {
            token_type: Star,
            position: 254,
            line: 8,
            column: 42,
        },
        Token {
            token_type: Identifier(
                "MyStruct",
            ),
            position: 262,
            line: 8,
            column: 50,
        },
        Token {
            token_type: Comma,
            position: 263,
            line: 8,
            column: 51,
        },
        Token {
            token_type: Identifier(
                "cb",
            ),
            position: 266,
            line: 8,
            column: 54,
        },
        Token {
            token_type: Colon,
            position: 267,
            line: 8,
            column: 55,
        },
        Token {
            token_type: Identifier(
                "TickCb",
            ),
            position: 274,
            line: 8,
            column: 62,
        },
        Token {
            token_type: RightParen,
            position: 275,
            line: 8,
            column: 63,
        },
        Token {
            token_type: Semicolon,
            position: 276,
            line: 8,
            column: 64,
        },
        Token {
            token_type: Extern,
            position: 283,
            line: 9,
            column: 7,
        },
        Token {
            token_type: Function,
            position: 292,
            line: 9,
            column: 16,
        },
        Token {
            token_type: Identifier(
                "unregister_callback",
            ),
            position: 312,
            line: 9,
            column: 36,
        },
        Token {
            token_type: LeftParen,
            position: 313,
            line: 9,
            column: 37,
        },
        Token {
            token_type: Identifier(
                "data",
            ),
            position: 317,
            line: 9,
            column: 41,
        },
        Token {
            token_type: Colon,
            position: 318,
            line: 9,
            column: 42,
        },
        Token {
            token_type: Star,
            position: 320,
            line: 9,
            column: 44,
        },
        Token {
            token_type: Identifier(
                "MyStruct",
            ),
            position: 328,
            line: 9,
            column: 52,
        },
        Token {
            token_type: RightParen,
            position: 329,
            line: 9,
            column: 53,
        },
        Token {
            token_type: Semicolon,
            position: 330,
            line: 9,
            column: 54,
        },
        Token {
            token_type: Struct,
            position: 338,
            line: 11,
            column: 7,
        },
        Token {
            token_type: Identifier(
                "MyStruct",
            ),
            position: 347,
            line: 11,
            column: 16,
        },
        Token {
            token_type: LeftBrace,
            position: 349,
            line: 11,
            column: 18,
        },
        Token {
            token_type: Identifier(
                "counter",
            ),
            position: 359,
            line: 12,
            column: 10,
        },
        Token {
            token_type: Colon,
            position: 360,
            line: 12,
            column: 11,
        },
        Token {
            token_type: Identifier(
                "i64",
            ),
            position: 364,
            line: 12,
            column: 15,
        },
        Token {
            token_type: Comma,
            position: 365,
            line: 12,
            column: 16,
        },
        Token {
            token_type: RightBrace,
            position: 367,
            line: 13,
            column: 2,
        },
        Token {
            token_type: Extern,
            position: 375,
            line: 15,
            column: 7,
        },
        Token {
            token_type: Function,
            position: 384,
            line: 15,
            column: 16,
        },
        Token {
            token_type: Identifier(
                "on_tick",
            ),
            position: 392,
            line: 15,
            column: 24,
        },
        Token {
            token_type: LeftParen,
            position: 393,
            line: 15,
            column: 25,
        },
        Token {
            token_type: Identifier(
                "d",
            ),
            position: 394,
            line: 15,
            column: 26,
        },
        Token {
            token_type: Colon,
            position: 395,
            line: 15,
            column: 27,
        },
        Token {
            token_type: Star,
            position: 397,
            line: 15,
            column: 29,
        },
        Token {
            token_type: Identifier(
                "MyStruct",
            ),
            position: 405,
            line: 15,
            column: 37,
        },
        Token {
            token_type: RightParen,
            position: 406,
            line: 15,
            column: 38,
        },
        Token {
            token_type: LeftBrace,
            position: 408,
            line: 15,
            column: 40,
        },
        Token {
            token_type: Identifier(
                "d",
            ),
            position: 412,
            line: 16,
            column: 4,
        },
        Token {
            token_type: Dot,
            position: 413,
            line: 16,
            column: 5,
        },
        Token {
            token_type: Identifier(
                "counter",
            ),
            position: 420,
            line: 16,
            column: 12,
        },
        Token {
            token_type: Eq,
            position: 422,
            line: 16,
            column: 14,
        },
        Token {
            token_type: Identifier(
                "d",
            ),
            position: 424,
            line: 16,
            column: 16,
        },
        Token {
            token_type: Dot,
            position: 425,
            line: 16,
            column: 17,
        },
        Token {
            token_type: Identifier(
                "counter",
            ),
            position: 432,
            line: 16,
            column: 24,
        },
        Token {
            token_type: Plus,
            position: 434,
            line: 16,
            column: 26,
        },
        Token {
            token_type: Int(
                "1",
            ),
            position: 436,
            line: 16,
            column: 28,
        },
        Token {
            token_type: RightBrace,
            position: 438,
            line: 17,
            column: 2,
        },
        Token {
            token_type: Function,
            position: 448,
            line: 19,
            column: 9,
        },
        Token {
            token_type: Identifier(
                "allocate",
            ),
            position: 457,
            line: 19,
            column: 18,
        },
        Token {
            token_type: LeftParen,
            position: 458,
            line: 19,
            column: 19,
        },
        Token {
            token_type: Identifier(
                "size",
            ),
            position: 462,
            line: 19,
            column: 23,
        },
        Token {
            token_type: Colon,
            position: 463,
            line: 19,
            column: 24,
        },
        Token {
            token_type: Identifier(
                "u64",
            ),
            position: 467,
            line: 19,
            column: 28,
        },
        Token {
            token_type: RightParen,
            position: 468,
            line: 19,
            column: 29,
        },
        Token {
            token_type: Colon,
            position: 469,
            line: 19,
            column: 30,
        },
        Token {
            token_type: Identifier(
                "Buffer",
            ),
            position: 476,
            line: 19,
            column: 37,
        },
        Token {
            token_type: LeftBrace,
            position: 478,
            line: 19,
            column: 39,
        },
        Token {
            token_type: Var,
            position: 484,
            line: 20,
            column: 6,
        },
        Token {
            token_type: Identifier(
                "maybe",
            ),
            position: 490,
            line: 20,
            column: 12,
        },
        Token {
            token_type: Eq,
            position: 492,
            line: 20,
            column: 14,
        },
        Token {
            token_type: Identifier(
                "Buffer",
            ),
            position: 499,
            line: 20,
            column: 21,
        },
        Token {
            token_type: Dot,
            position: 500,
            line: 20,
            column: 22,
        },
        Token {
            token_type: Identifier(
                "alloc",
            ),
            position: 505,
            line: 20,
            column: 27,
        },
        Token {
            token_type: LeftParen,
            position: 506,
            line: 20,
            column: 28,
        },
        Token {
            token_type: Identifier(
                "size",
            ),
            position: 510,
            line: 20,
            column: 32,
        },
        Token {
            token_type: RightParen,
            position: 511,
            line: 20,
            column: 33,
        },
        Token {
            token_type: Semicolon,
            position: 512,
            line: 20,
            column: 34,
        },
        Token {
            token_type: If,
            position: 517,
            line: 21,
            column: 5,
        },
        Token {
            token_type: LeftParen,
            position: 519,
            line: 21,
            column: 7,
        },
        Token {
            token_type: Identifier(
                "maybe",
            ),
            position: 524,
            line: 21,
            column: 12,
        },
        Token {
            token_type: Is,
            position: 527,
            line: 21,
            column: 15,
        },
        Token {
            token_type: Null,
            position: 532,
            line: 21,
            column: 20,
        },
        Token {
            token_type: RightParen,
            position: 533,
            line: 21,
            column: 21,
        },
        Token {
            token_type: LeftBrace,
            position: 535,
            line: 21,
            column: 23,
        },
        Token {
            token_type: Return,
            position: 546,
            line: 22,
            column: 11,
        },
        Token {
            token_type: Identifier(
                "Buffer",
            ),
            position: 553,
            line: 22,
            column: 18,
        },
        Token {
            token_type: LeftBrace,
            position: 555,
            line: 22,
            column: 20,
        },
        Token {
            token_type: Identifier(
                "data",
            ),
            position: 560,
            line: 22,
            column: 25,
        },
        Token {
            token_type: Colon,
            position: 561,
            line: 22,
            column: 26,
        },
        Token {
            token_type: Null,
            position: 566,
            line: 22,
            column: 31,
        },
        Token {
            token_type: Comma,
            position: 567,
            line: 22,
            column: 32,
        },
        Token {
            token_type: Identifier(
                "size",
            ),
            position: 572,
            line: 22,
            column: 37,
        },
        Token {
            token_type: Colon,
            position: 573,
            line: 22,
            column: 38,
        },
        Token {
            token_type: Int(
                "0",
            ),
            position: 575,
            line: 22,
            column: 40,
        },
        Token {
            token_type: RightBrace,
            position: 577,
            line: 22,
            column: 42,
        },
        Token {
            token_type: Semicolon,
            position: 578,
            line: 22,
            column: 43,
        },
        Token {
            token_type: RightBrace,
            position: 582,
            line: 23,
            column: 4,
        },
        Token {
            token_type: Identifier(
                "maybe",
            ),
            position: 590,
            line: 24,
            column: 8,
        },
        Token {
            token_type: As,
            position: 593,
            line: 24,
            column: 11,
        },
        Token {
            token_type: Identifier(
                "Buffer",
            ),
            position: 600,
            line: 24,
            column: 18,
        },
        Token {
            token_type: RightBrace,
            position: 602,
            line: 25,
            column: 2,
        },
        Token {
            token_type: Function,
            position: 612,
            line: 27,
            column: 9,
        },
        Token {
            token_type: Identifier(
                "install",
            ),
            position: 620,
            line: 27,
            column: 17,
        },
        Token {
            token_type: LeftParen,
            position: 621,
            line: 27,
            column: 18,
        },
        Token {
            token_type: RightParen,
            position: 622,
            line: 27,
            column: 19,
        },
        Token {
            token_type: Colon,
            position: 623,
            line: 27,
            column: 20,
        },
        Token {
            token_type: Identifier(
                "MyStruct",
            ),
            position: 632,
            line: 27,
            column: 29,
        },
        Token {
            token_type: LeftBrace,
            position: 634,
            line: 27,
            column: 31,
        },
        Token {
            token_type: Var,
            position: 640,
            line: 28,
            column: 6,
        },
        Token {
            token_type: Identifier(
                "state",
            ),
            position: 646,
            line: 28,
            column: 12,
        },
        Token {
            token_type: Eq,
            position: 648,
            line: 28,
            column: 14,
        },
        Token {
            token_type: Identifier(
                "MyStruct",
            ),
            position: 657,
            line: 28,
            column: 23,
        },
        Token {
            token_type: LeftBrace,
            position: 659,
            line: 28,
            column: 25,
        },
        Token {
            token_type: Identifier(
                "counter",
            ),
            position: 667,
            line: 28,
            column: 33,
        },
        Token {
            token_type: Colon,
            position: 668,
            line: 28,
            column: 34,
        },
        Token {
            token_type: Int(
                "0",
            ),
            position: 670,
            line: 28,
            column: 36,
        },
        Token {
            token_type: RightBrace,
            position: 672,
            line: 28,
            column: 38,
        },
        Token {
            token_type: Semicolon,
            position: 673,
            line: 28,
            column: 39,
        },
        Token {
            token_type: Var,
            position: 679,
            line: 29,
            column: 6,
        },
        Token {
            token_type: Identifier(
                "ptr",
            ),
            position: 683,
            line: 29,
            column: 10,
        },
        Token {
            token_type: Eq,
            position: 685,
            line: 29,
            column: 12,
        },
        Token {
            token_type: Identifier(
                "pin",
            ),
            position: 689,
            line: 29,
            column: 16,
        },
        Token {
            token_type: LT,
            position: 690,
            line: 29,
            column: 17,
        },
        Token {
            token_type: Identifier(
                "MyStruct",
            ),
            position: 698,
            line: 29,
            column: 25,
        },
        Token {
            token_type: GT,
            position: 699,
            line: 29,
            column: 26,
        },
        Token {
            token_type: LeftParen,
            position: 700,
            line: 29,
            column: 27,
        },
        Token {
            token_type: Identifier(
                "state",
            ),
            position: 705,
            line: 29,
            column: 32,
        },
        Token {
            token_type: RightParen,
            position: 706,
            line: 29,
            column: 33,
        },
        Token {
            token_type: Semicolon,
            position: 707,
            line: 29,
            column: 34,
        },
        Token {
            token_type: Identifier(
                "register_callback",
            ),
            position: 727,
            line: 30,
            column: 20,
        },
        Token {
            token_type: LeftParen,
            position: 728,
            line: 30,
            column: 21,
        },
        Token {
            token_type: Identifier(
                "ptr",
            ),
            position: 731,
            line: 30,
            column: 24,
        },
        Token {
            token_type: Comma,
            position: 732,
            line: 30,
            column: 25,
        },
        Token {
            token_type: Identifier(
                "on_tick",
            ),
            position: 740,
            line: 30,
            column: 33,
        },
        Token {
            token_type: RightParen,
            position: 741,
            line: 30,
            column: 34,
        },
        Token {
            token_type: Semicolon,
            position: 742,
            line: 30,
            column: 35,
        },
        Token {
            token_type: Identifier(
                "state",
            ),
            position: 750,
            line: 31,
            column: 8,
        },
        Token {
            token_type: RightBrace,
            position: 752,
            line: 32,
            column: 2,
        },
        Token {
            token_type: Function,
            position: 762,
            line: 34,
            column: 9,
        },
        Token {
            token_type: Identifier(
                "remove",
            ),
            position: 769,
            line: 34,
            column: 16,
        },
        Token {
            token_type: LeftParen,
            position: 770,
            line: 34,
            column: 17,
        },
        Token {
            token_type: Identifier(
                "state",
            ),
            position: 775,
            line: 34,
            column: 22,
        },
        Token {
            token_type: Colon,
            position: 776,
            line: 34,
            column: 23,
        },
        Token {
            token_type: Identifier(
                "MyStruct",
            ),
            position: 785,
            line: 34,
            column: 32,
        },
        Token {
            token_type: RightParen,
            position: 786,
            line: 34,
            column: 33,
        },
        Token {
            token_type: LeftBrace,
            position: 788,
            line: 34,
            column: 35,
        },
        Token {
            token_type: Var,
            position: 794,
            line: 35,
            column: 6,
        },
        Token {
            token_type: Identifier(
                "ptr",
            ),
            position: 798,
            line: 35,
            column: 10,
        },
        Token {
            token_type: Eq,
            position: 800,
            line: 35,
            column: 12,
        },
        Token {
            token_type: Identifier(
                "pin",
            ),
            position: 804,
            line: 35,
            column: 16,
        },
        Token {
            token_type: LT,
            position: 805,
            line: 35,
            column: 17,
        },
        Token {
            token_type: Identifier(
                "MyStruct",
            ),
            position: 813,
            line: 35,
            column: 25,
        },
        Token {
            token_type: GT,
            position: 814,
            line: 35,
            column: 26,
        },
        Token {
            token_type: LeftParen,
            position: 815,
            line: 35,
            column: 27,
        },
        Token {
            token_type: Identifier(
                "state",
            ),
            position: 820,
            line: 35,
            column: 32,
        },
        Token {
            token_type: RightParen,
            position: 821,
            line: 35,
            column: 33,
        },
        Token {
            token_type: Semicolon,
            position: 822,
            line: 35,
            column: 34,
        },
        Token {
            token_type: Identifier(
                "unregister_callback",
            ),
            position: 844,
            line: 36,
            column: 22,
        },
        Token {
            token_type: LeftParen,
            position: 845,
            line: 36,
            column: 23,
        },
        Token {
            token_type: Identifier(
                "ptr",
            ),
            position: 848,
            line: 36,
            column: 26,
        },
        Token {
            token_type: RightParen,
            position: 849,
            line: 36,
            column: 27,
        },
        Token {
            token_type: Semicolon,
            position: 850,
            line: 36,
            column: 28,
        },
        Token {
            token_type: Identifier(
                "unpin",
            ),
            position: 858,
            line: 37,
            column: 8,
        },
        Token {
            token_type: LT,
            position: 859,
            line: 37,
            column: 9,
        },
        Token {
            token_type: Identifier(
                "MyStruct",
            ),
            position: 867,
            line: 37,
            column: 17,
        },
        Token {
            token_type: GT,
            position: 868,
            line: 37,
            column: 18,
        },
        Token {
            token_type: LeftParen,
            position: 869,
            line: 37,
            column: 19,
        },
        Token {
            token_type: Identifier(
                "ptr",
            ),
            position: 872,
            line: 37,
            column: 22,
        },
        Token {
            token_type: RightParen,
            position: 873,
            line: 37,
            column: 23,
        },
        Token {
            token_type: Semicolon,
            position: 874,
            line: 37,
            column: 24,
        },
        Token {
            token_type: Identifier(
                "unpin",
            ),
            position: 882,
            line: 38,
            column: 8,
        },
        Token {
            token_type: LT,
            position: 883,
            line: 38,
            column: 9,
        },
        Token {
            token_type: Identifier(
                "MyStruct",
            ),
            position: 891,
            line: 38,
            column: 17,
        },
        Token {
            token_type: GT,
            position: 892,
            line: 38,
            column: 18,
        },
        Token {
            token_type: LeftParen,
            position: 893,
            line: 38,
            column: 19,
        },
        Token {
            token_type: Identifier(
                "ptr",
            ),
            position: 896,
            line: 38,
            column: 22,
        },
        Token {
            token_type: RightParen,
            position: 897,
            line: 38,
            column: 23,
        },
        Token {
            token_type: Semicolon,
            position: 898,
            line: 38,
            column: 24,
        },
        Token {
            token_type: RightBrace,
            position: 900,
            line: 39,
            column: 2,
        },
        Token {
            token_type: Function,
            position: 910,
            line: 41,
            column: 9,
        },
        Token {
            token_type: Identifier(
                "main",
            ),
            position: 915,
            line: 41,
            column: 14,
        },
        Token {
            token_type: LeftParen,
            position: 916,
            line: 41,
            column: 15,
        },
        Token {
            token_type: RightParen,
            position: 917,
            line: 41,
            column: 16,
        },
        Token {
            token_type: Colon,
            position: 918,
            line: 41,
            column: 17,
        },
        Token {
            token_type: Identifier(
                "i64",
            ),
            position: 922,
            line: 41,
            column: 21,
        },
        Token {
            token_type: LeftBrace,
            position: 924,
            line: 41,
            column: 23,
        },
        Token {
            token_type: Var,
            position: 930,
            line: 42,
            column: 6,
        },
        Token {
            token_type: Identifier(
                "buf",
            ),
            position: 934,
            line: 42,
            column: 10,
        },
        Token {
            token_type: Eq,
            position: 936,
            line: 42,
            column: 12,
        },
        Token {
            token_type: Identifier(
                "allocate",
            ),
            position: 945,
            line: 42,
            column: 21,
        },
        Token {
            token_type: LeftParen,
            position: 946,
            line: 42,
            column: 22,
        },
        Token {
            token_type: Int(
                "1024",
            ),
            position: 950,
            line: 42,
            column: 26,
        },
        Token {
            token_type: As,
            position: 953,
            line: 42,
            column: 29,
        },
        Token {
            token_type: Identifier(
                "u64",
            ),
            position: 957,
            line: 42,
            column: 33,
        },
        Token {
            token_type: RightParen,
            position: 958,
            line: 42,
            column: 34,
        },
        Token {
            token_type: Semicolon,
            position: 959,
            line: 42,
            column: 35,
        },
        Token {
            token_type: Identifier(
                "print",
            ),
            position: 967,
            line: 43,
            column: 8,
        },
        Token {
            token_type: LeftParen,
            position: 968,
            line: 43,
            column: 9,
        },
        Token {
            token_type: StringLit(
                "buffer size: ",
            ),
            position: 983,
            line: 43,
            column: 24,
        },
        Token {
            token_type: Plus,
            position: 985,
            line: 43,
            column: 26,
        },
        Token {
            token_type: LeftParen,
            position: 987,
            line: 43,
            column: 28,
        },
        Token {
            token_type: Identifier(
                "buf",
            ),
            position: 990,
            line: 43,
            column: 31,
        },
        Token {
            token_type: Dot,
            position: 991,
            line: 43,
            column: 32,
        },
        Token {
            token_type: Identifier(
                "size",
            ),
            position: 995,
            line: 43,
            column: 36,
        },
        Token {
            token_type: As,
            position: 998,
            line: 43,
            column: 39,
        },
        Token {
            token_type: Identifier(
                "str",
            ),
            position: 1002,
            line: 43,
            column: 43,
        },
        Token {
            token_type: RightParen,
            position: 1003,
            line: 43,
            column: 44,
        },
        Token {
            token_type: RightParen,
            position: 1004,
            line: 43,
            column: 45,
        },
        Token {
            token_type: Semicolon,
            position: 1005,
            line: 43,
            column: 46,
        },
        Token {
            token_type: Identifier(
                "buf",
            ),
            position: 1011,
            line: 44,
            column: 6,
        },
        Token {
            token_type: Dot,
            position: 1012,
            line: 44,
            column: 7,
        },
        Token {
            token_type: Identifier(
                "free",
            ),
            position: 1016,
            line: 44,
            column: 11,
        },
        Token {
            token_type: LeftParen,
            position: 1017,
            line: 44,
            column: 12,
        },
        Token {
            token_type: RightParen,
            position: 1018,
            line: 44,
            column: 13,
        },
        Token {
            token_type: Semicolon,
            position: 1019,
            line: 44,
            column: 14,
        },
        Token {
            token_type: Var,
            position: 1026,
            line: 46,
            column: 6,
        },
        Token {
            token_type: Identifier(
                "state",
            ),
            position: 1032,
            line: 46,
            column: 12,
        },
        Token {
            token_type: Eq,
            position: 1034,
            line: 46,
            column: 14,
        },
        Token {
            token_type: Identifier(
                "install",
            ),
            position: 1042,
            line: 46,
            column: 22,
        },
        Token {
            token_type: LeftParen,
            position: 1043,
            line: 46,
            column: 23,
        },
        Token {
            token_type: RightParen,
            position: 1044,
            line: 46,
            column: 24,
        },
        Token {
            token_type: Semicolon,
            position: 1045,
            line: 46,
            column: 25,
        },
        Token {
            token_type: Identifier(
                "print",
            ),
            position: 1053,
            line: 47,
            column: 8,
        },
        Token {
            token_type: LeftParen,
            position: 1054,
            line: 47,
            column: 9,
        },
        Token {
            token_type: StringLit(
                "counter: ",
            ),
            position: 1065,
            line: 47,
            column: 20,
        },
        Token {
            token_type: Plus,
            position: 1067,
            line: 47,
            column: 22,
        },
        Token {
            token_type: LeftParen,
            position: 1069,
            line: 47,
            column: 24,
        },
        Token {
            token_type: Identifier(
                "state",
            ),
            position: 1074,
            line: 47,
            column: 29,
        },
        Token {
            token_type: Dot,
            position: 1075,
            line: 47,
            column: 30,
        },
        Token {
            token_type: Identifier(
                "counter",
            ),
            position: 1082,
            line: 47,
            column: 37,
        },
        Token {
            token_type: As,
            position: 1085,
            line: 47,
            column: 40,
        },
        Token {
            token_type: Identifier(
                "str",
            ),
            position: 1089,
            line: 47,
            column: 44,
        },
        Token {
            token_type: RightParen,
            position: 1090,
            line: 47,
            column: 45,
        },
        Token {
            token_type: RightParen,
            position: 1091,
            line: 47,
            column: 46,
        },
        Token {
            token_type: Semicolon,
            position: 1092,
            line: 47,
            column: 47,
        },
        Token {
            token_type: Identifier(
                "remove",
            ),
            position: 1101,
            line: 48,
            column: 9,
        },
        Token {
            token_type: LeftParen,
            position: 1102,
            line: 48,
            column: 10,
        },
        Token {
            token_type: Identifier(
                "state",
            ),
            position: 1107,
            line: 48,
            column: 15,
        },
        Token {
            token_type: RightParen,
            position: 1108,
            line: 48,
            column: 16,
        },
        Token {
            token_type: Semicolon,
            position: 1109,
            line: 48,
            column: 17,
        },
        Token {
            token_type: Int(
                "0",
            ),
            position: 1114,
            line: 50,
            column: 4,
        },
        Token {
            token_type: RightBrace,
            position: 1116,
            line: 51,
            column: 2,
        },
    ],
)
