---
source: tests/lexer_snapshots.rs
expression: tokens
input_file: examples/language/20_union_config_constraints.of
---
Ok(
    [
        Token {
            token_type: Comment(
                " Two heterogeneous unions interacting: ConfigValue mixes primitives",
            ),
            position: 69,
            line: 1,
            column: 70,
        },
        Token {
            token_type: Comment(
                " and a list, while Constraint mixes structs with null. The validator",
            ),
            position: 140,
            line: 2,
            column: 71,
        },
        Token {
            token_type: Comment(
                " has to discriminate both unions at once.",
            ),
            position: 184,
            line: 3,
            column: 44,
        },
        Token {
            token_type: Struct,
            position: 191,
            line: 4,
            column: 7,
        },
        Token {
            token_type: Identifier(
                "Range",
            ),
            position: 197,
            line: 4,
            column: 13,
        },
        Token {
            token_type: LeftBrace,
            position: 199,
            line: 4,
            column: 15,
        },
        Token {
            token_type: Identifier(
                "min",
            ),
            position: 205,
            line: 5,
            column: 6,
        },
        Token {
            token_type: Colon,
            position: 206,
            line: 5,
            column: 7,
        },
        Token {
            token_type: Identifier(
                "f64",
            ),
            position: 210,
            line: 5,
            column: 11,
        },
        Token {
            token_type: Comma,
            position: 211,
            line: 5,
            column: 12,
        },
        Token {
            token_type: Identifier(
                "max",
            ),
            position: 217,
            line: 6,
            column: 6,
        },
        Token {
            token_type: Colon,
            position: 218,
            line: 6,
            column: 7,
        },
        Token {
            token_type: Identifier(
                "f64",
            ),
            position: 222,
            line: 6,
            column: 11,
        },
        Token {
            token_type: Comma,
            position: 223,
            line: 6,
            column: 12,
        },
        Token {
            token_type: RightBrace,
            position: 225,
            line: 7,
            column: 2,
        },
        Token {
            token_type: Struct,
            position: 233,
            line: 9,
            column: 7,
        },
        Token {
            token_type: Identifier(
                "Choices",
            ),
            position: 241,
            line: 9,
            column: 15,
        },
        Token {
            token_type: LeftBrace,
            position: 243,
            line: 9,
            column: 17,
        },
        Token {
            token_type: Identifier(
                "values",
            ),
            position: 252,
            line: 10,
            column: 9,
        },
        Token {
            token_type: Colon,
            position: 253,
            line: 10,
            column: 10,
        },
        Token {
            token_type: Identifier(
                "List",
            ),
            position: 258,
            line: 10,
            column: 15,
        },
        Token {
            token_type: LT,
            position: 259,
            line: 10,
            column: 16,
        },
        Token {
            token_type: Identifier(
                "str",
            ),
            position: 262,
            line: 10,
            column: 19,
        },
        Token {
            token_type: GT,
            position: 263,
            line: 10,
            column: 20,
        },
        Token {
            token_type: Comma,
            position: 264,
            line: 10,
            column: 21,
        },
        Token {
            token_type: RightBrace,
            position: 266,
            line: 11,
            column: 2,
        },
        Token {
            token_type: Type,
            position: 272,
            line: 13,
            column: 5,
        },
        Token {
            token_type: Identifier(
                "Constraint",
            ),
            position: 283,
            line: 13,
            column: 16,
        },
        Token {
            token_type: Eq,
            position: 286,
            line: 13,
            column: 19,
        },
        Token {
            token_type: Identifier(
                "Range",
            ),
            position: 292,
            line: 13,
            column: 25,
        },
        Token {
            token_type: Pipe,
            position: 294,
            line: 13,
            column: 27,
        },
        Token {
            token_type: Identifier(
                "Choices",
            ),
            position: 302,
            line: 13,
            column: 35,
        },
        Token {
            token_type: Pipe,
            position: 304,
            line: 13,
            column: 37,
        },
        Token {
            token_type: Null,
            position: 309,
            line: 13,
            column: 42,
        },
        Token {
            token_type: Semicolon,
            position: 310,
            line: 13,
            column: 43,
        },
        Token {
            token_type: Type,
            position: 315,
            line: 14,
            column: 5,
        },
        Token {
            token_type: Identifier(
                "ConfigValue",
            ),
            position: 327,
            line: 14,
            column: 17,
        },
        Token {
            token_type: Eq,
            position: 329,
            line: 14,
            column: 19,
        },
        Token {
            token_type: Identifier(
                "bool",
            ),
            position: 334,
            line: 14,
            column: 24,
        },
        Token {
            token_type: Pipe,
            position: 336,
            line: 14,
            column: 26,
        },
        Token {
            token_type: Identifier(
                "i64",
            ),
            position: 340,
            line: 14,
            column: 30,
        },
        Token {
            token_type: Pipe,
            position: 342,
            line: 14,
            column: 32,
        },
        Token {
            token_type: Identifier(
                "f64",
            ),
            position: 346,
            line: 14,
            column: 36,
        },
        Token {
            token_type: Pipe,
            position: 348,
            line: 14,
            column: 38,
        },
        Token {
            token_type: Identifier(
                "str",
            ),
            position: 352,
            line: 14,
            column: 42,
        },
        Token {
            token_type: Pipe,
            position: 354,
            line: 14,
            column: 44,
        },
        Token {
            token_type: Identifier(
                "List",
            ),
            position: 359,
            line: 14,
            column: 49,
        },
        Token {
            token_type: LT,
            position: 360,
            line: 14,
            column: 50,
        },
        Token {
            token_type: Identifier(
                "str",
            ),
            position: 363,
            line: 14,
            column: 53,
        },
        Token {
            token_type: GT,
            position: 364,
            line: 14,
            column: 54,
        },
        Token {
            token_type: Pipe,
            position: 366,
            line: 14,
            column: 56,
        },
        Token {
            token_type: Null,
            position: 371,
            line: 14,
            column: 61,
        },
        Token {
            token_type: Semicolon,
            position: 372,
            line: 14,
            column: 62,
        },
        Token {
            token_type: Struct,
            position: 380,
            line: 16,
            column: 7,
        },
        Token {
            token_type: Identifier(
                "Setting",
            ),
            position: 388,
            line: 16,
            column: 15,
        },
        Token {
            token_type: LeftBrace,
            position: 390,
            line: 16,
            column: 17,
        },
        Token {
            token_type: Identifier(
                "name",
            ),
            position: 397,
            line: 17,
            column: 7,
        },
        Token {
            token_type: Colon,
            position: 398,
            line: 17,
            column: 8,
        },
        Token {
            token_type: Identifier(
                "str",
            ),
            position: 402,
            line: 17,
            column: 12,
        },
        Token {
            token_type: Comma,
            position: 403,
            line: 17,
            column: 13,
        },
        Token {
            token_type: Identifier(
                "value",
            ),
            position: 411,
            line: 18,
            column: 8,
        },
        Token {
            token_type: Colon,
            position: 412,
            line: 18,
            column: 9,
        },
        Token {
            token_type: Identifier(
                "ConfigValue",
            ),
            position: 424,
            line: 18,
            column: 21,
        },
        Token {
            token_type: Comma,
            position: 425,
            line: 18,
            column: 22,
        },
        Token {
            token_type: Identifier(
                "constraint",
            ),
            position: 438,
            line: 19,
            column: 13,
        },
        Token {
            token_type: Colon,
            position: 439,
            line: 19,
            column: 14,
        },
        Token {
            token_type: Identifier(
                "Constraint",
            ),
            position: 450,
            line: 19,
            column: 25,
        },
        Token {
            token_type: Comma,
            position: 451,
            line: 19,
            column: 26,
        },
        Token {
            token_type: RightBrace,
            position: 453,
            line: 20,
            column: 2,
        },
        Token {
            token_type: Function,
            position: 463,
            line: 22,
            column: 9,
        },
        Token {
            token_type: Identifier(
                "in_range",
            ),
            position: 472,
            line: 22,
            column: 18,
        },
        Token {
            token_type: LeftParen,
            position: 473,
            line: 22,
            column: 19,
        },
        Token {
            token_type: Identifier(
                "value",
            ),
            position: 478,
            line: 22,
            column: 24,
        },
        Token {
            token_type: Colon,
            position: 479,
            line: 22,
            column: 25,
        },
        Token {
            token_type: Identifier(
                "ConfigValue",
            ),
            position: 491,
            line: 22,
            column: 37,
        },
        Token {
            token_type: Comma,
            position: 492,
            line: 22,
            column: 38,
        },
        Token {
            token_type: Identifier(
                "r",
            ),
            position: 494,
            line: 22,
            column: 40,
        },
        Token {
            token_type: Colon,
            position: 495,
            line: 22,
            column: 41,
        },
        Token {
            token_type: Identifier(
                "Range",
            ),
            position: 501,
            line: 22,
            column: 47,
        },
        Token {
            token_type: RightParen,
            position: 502,
            line: 22,
            column: 48,
        },
        Token {
            token_type: Colon,
            position: 503,
            line: 22,
            column: 49,
        },
        Token {
            token_type: Identifier(
                "bool",
            ),
            position: 508,
            line: 22,
            column: 54,
        },
        Token {
            token_type: LeftBrace,
            position: 510,
            line: 22,
            column: 56,
        },
        Token {
            token_type: If,
            position: 515,
            line: 23,
            column: 5,
        },
        Token {
            token_type: LeftParen,
            position: 517,
            line: 23,
            column: 7,
        },
        Token {
            token_type: Identifier(
                "value",
            ),
            position: 522,
            line: 23,
            column: 12,
        },
        Token {
            token_type: Is,
            position: 525,
            line: 23,
            column: 15,
        },
        Token {
            token_type: Identifier(
                "f64",
            ),
            position: 529,
            line: 23,
            column: 19,
        },
        Token {
            token_type: RightParen,
            position: 530,
            line: 23,
            column: 20,
        },
        Token {
            token_type: LeftBrace,
            position: 532,
            line: 23,
            column: 22,
        },
        Token {
            token_type: Var,
            position: 540,
            line: 24,
            column: 8,
        },
        Token {
            token_type: Identifier(
                "v",
            ),
            position: 542,
            line: 24,
            column: 10,
        },
        Token {
            token_type: Eq,
            position: 544,
            line: 24,
            column: 12,
        },
        Token {
            token_type: Identifier(
                "value",
            ),
            position: 550,
            line: 24,
            column: 18,
        },
        Token {
            token_type: As,
            position: 553,
            line: 24,
            column: 21,
        },
        Token {
            token_type: Identifier(
                "f64",
            ),
            position: 557,
            line: 24,
            column: 25,
        },
        Token {
            token_type: Semicolon,
            position: 558,
            line: 24,
            column: 26,
        },
        Token {
            token_type: Identifier(
                "v",
            ),
            position: 564,
            line: 25,
            column: 6,
        },
        Token {
            token_type: GT,
            position: 566,
            line: 25,
            column: 8,
        },
        Token {
            token_type: Eq,
            position: 567,
            line: 25,
            column: 9,
        },
        Token {
            token_type: Identifier(
                "r",
            ),
            position: 569,
            line: 25,
            column: 11,
        },
        Token {
            token_type: Dot,
            position: 570,
            line: 25,
            column: 12,
        },
        Token {
            token_type: Identifier(
                "min",
            ),
            position: 573,
            line: 25,
            column: 15,
        },
        Token {
            token_type: And,
            position: 576,
            line: 25,
            column: 18,
        },
        Token {
            token_type: Identifier(
                "v",
            ),
            position: 578,
            line: 25,
            column: 20,
        },
        Token {
            token_type: LT,
            position: 580,
            line: 25,
            column: 22,
        },
        Token {
            token_type: Eq,
            position: 581,
            line: 25,
            column: 23,
        },
        Token {
            token_type: Identifier(
                "r",
            ),
            position: 583,
            line: 25,
            column: 25,
        },
        Token {
            token_type: Dot,
            position: 584,
            line: 25,
            column: 26,
        },
        Token {
            token_type: Identifier(
                "max",
            ),
            position: 587,
            line: 25,
            column: 29,
        },
        Token {
            token_type: RightBrace,
            position: 591,
            line: 26,
            column: 4,
        },
        Token {
            token_type: Else,
            position: 596,
            line: 26,
            column: 9,
        },
        Token {
            token_type: If,
            position: 599,
            line: 26,
            column: 12,
        },
        Token {
            token_type: LeftParen,
            position: 601,
            line: 26,
            column: 14,
        },
        Token {
            token_type: Identifier(
                "value",
            ),
            position: 606,
            line: 26,
            column: 19,
        },
        Token {
            token_type: Is,
            position: 609,
            line: 26,
            column: 22,
        },
        Token {
            token_type: Identifier(
                "i64",
            ),
            position: 613,
            line: 26,
            column: 26,
        },
        Token {
            token_type: RightParen,
            position: 614,
            line: 26,
            column: 27,
        },
        Token {
            token_type: LeftBrace,
            position: 616,
            line: 26,
            column: 29,
        },
        Token {
            token_type: Var,
            position: 624,
            line: 27,
            column: 8,
        },
        Token {
            token_type: Identifier(
                "v",
            ),
            position: 626,
            line: 27,
            column: 10,
        },
        Token {
            token_type: Eq,
            position: 628,
            line: 27,
            column: 12,
        },
        Token {
            token_type: LeftParen,
            position: 630,
            line: 27,
            column: 14,
        },
        Token {
            token_type: Identifier(
                "value",
            ),
            position: 635,
            line: 27,
            column: 19,
        },
        Token {
            token_type: As,
            position: 638,
            line: 27,
            column: 22,
        },
        Token {
            token_type: Identifier(
                "i64",
            ),
            position: 642,
            line: 27,
            column: 26,
        },
        Token {
            token_type: RightParen,
            position: 643,
            line: 27,
            column: 27,
        },
        Token {
            token_type: As,
            position: 646,
            line: 27,
            column: 30,
        },
        Token {
            token_type: Identifier(
                "f64",
            ),
            position: 650,
            line: 27,
            column: 34,
        },
        Token {
            token_type: Semicolon,
            position: 651,
            line: 27,
            column: 35,
        },
        Token {
            token_type: Identifier(
                "v",
            ),
            position: 657,
            line: 28,
            column: 6,
        },
        Token {
            token_type: GT,
            position: 659,
            line: 28,
            column: 8,
        },
        Token {
            token_type: Eq,
            position: 660,
            line: 28,
            column: 9,
        },
        Token {
            token_type: Identifier(
                "r",
            ),
            position: 662,
            line: 28,
            column: 11,
        },
        Token {
            token_type: Dot,
            position: 663,
            line: 28,
            column: 12,
        },
        Token {
            token_type: Identifier(
                "min",
            ),
            position: 666,
            line: 28,
            column: 15,
        },
        Token {
            token_type: And,
            position: 669,
            line: 28,
            column: 18,
        },
        Token {
            token_type: Identifier(
                "v",
            ),
            position: 671,
            line: 28,
            column: 20,
        },
        Token {
            token_type: LT,
            position: 673,
            line: 28,
            column: 22,
        },
        Token {
            token_type: Eq,
            position: 674,
            line: 28,
            column: 23,
        },
        Token {
            token_type: Identifier(
                "r",
            ),
            position: 676,
            line: 28,
            column: 25,
        },
        Token {
            token_type: Dot,
            position: 677,
            line: 28,
            column: 26,
        },
        Token {
            token_type: Identifier(
                "max",
            ),
            position: 680,
            line: 28,
            column: 29,
        },
        Token {
            token_type: RightBrace,
            position: 684,
            line: 29,
            column: 4,
        },
        Token {
            token_type: Else,
            position: 689,
            line: 29,
            column: 9,
        },
        Token {
            token_type: LeftBrace,
            position: 691,
            line: 29,
            column: 11,
        },
        Token {
            token_type: False,
            position: 701,
            line: 30,
            column: 10,
        },
        Token {
            token_type: RightBrace,
            position: 705,
            line: 31,
            column: 4,
        },
        Token {
            token_type: RightBrace,
            position: 707,
            line: 32,
            column: 2,
        },
        Token {
            token_type: Function,
            position: 717,
            line: 34,
            column: 9,
        },
        Token {
            token_type: Identifier(
                "in_choices",
            ),
            position: 728,
            line: 34,
            column: 20,
        },
        Token {
            token_type: LeftParen,
            position: 729,
            line: 34,
            column: 21,
        },
        Token {
            token_type: Identifier(
                "value",
            ),
            position: 734,
            line: 34,
            column: 26,
        },
        Token {
            token_type: Colon,
            position: 735,
            line: 34,
            column: 27,
        },
        Token {
            token_type: Identifier(
                "ConfigValue",
            ),
            position: 747,
            line: 34,
            column: 39,
        },
        Token {
            token_type: Comma,
            position: 748,
            line: 34,
            column: 40,
        },
        Token {
            token_type: Identifier(
                "c",
            ),
            position: 750,
            line: 34,
            column: 42,
        },
        Token {
            token_type: Colon,
            position: 751,
            line: 34,
            column: 43,
        },
        Token {
            token_type: Identifier(
                "Choices",
            ),
            position: 759,
            line: 34,
            column: 51,
        },
        Token {
            token_type: RightParen,
            position: 760,
            line: 34,
            column: 52,
        },
        Token {
            token_type: Colon,
            position: 761,
            line: 34,
            column: 53,
        },
        Token {
            token_type: Identifier(
                "bool",
            ),
            position: 766,
            line: 34,
            column: 58,
        },
        Token {
            token_type: LeftBrace,
            position: 768,
            line: 34,
            column: 60,
        },
        Token {
            token_type: If,
            position: 773,
            line: 35,
            column: 5,
        },
        Token {
            token_type: LeftParen,
            position: 775,
            line: 35,
            column: 7,
        },
        Token {
            token_type: Identifier(
                "value",
            ),
            position: 780,
            line: 35,
            column: 12,
        },
        Token {
            token_type: Is,
            position: 783,
            line: 35,
            column: 15,
        },
        Token {
            token_type: Identifier(
                "str",
            ),
            position: 787,
            line: 35,
            column: 19,
        },
        Token {
            token_type: RightParen,
            position: 788,
            line: 35,
            column: 20,
        },
        Token {
            token_type: LeftBrace,
            position: 790,
            line: 35,
            column: 22,
        },
        Token {
            token_type: Var,
            position: 798,
            line: 36,
            column: 8,
        },
        Token {
            token_type: Identifier(
                "sv",
            ),
            position: 801,
            line: 36,
            column: 11,
        },
        Token {
            token_type: Eq,
            position: 803,
            line: 36,
            column: 13,
        },
        Token {
            token_type: Identifier(
                "value",
            ),
            position: 809,
            line: 36,
            column: 19,
        },
        Token {
            token_type: As,
            position: 812,
            line: 36,
            column: 22,
        },
        Token {
            token_type: Identifier(
                "str",
            ),
            position: 816,
            line: 36,
            column: 26,
        },
        Token {
            token_type: Semicolon,
            position: 817,
            line: 36,
            column: 27,
        },
        Token {
            token_type: Var,
            position: 825,
            line: 37,
            column: 8,
        },
        Token {
            token_type: Identifier(
                "ok",
            ),
            position: 828,
            line: 37,
            column: 11,
        },
        Token {
            token_type: Eq,
            position: 830,
            line: 37,
            column: 13,
        },
        Token {
            token_type: False,
            position: 836,
            line: 37,
            column: 19,
        },
        Token {
            token_type: Semicolon,
            position: 837,
            line: 37,
            column: 20,
        },
        Token {
            token_type: For,
            position: 845,
            line: 38,
            column: 8,
        },
        Token {
            token_type: LeftParen,
            position: 847,
            line: 38,
            column: 10,
        },
        Token {
            token_type: Identifier(
                "option",
            ),
            position: 853,
            line: 38,
            column: 16,
        },
        Token {
            token_type: In,
            position: 856,
            line: 38,
            column: 19,
        },
        Token {
            token_type: Identifier(
                "c",
            ),
            position: 858,
            line: 38,
            column: 21,
        },
        Token {
            token_type: Dot,
            position: 859,
            line: 38,
            column: 22,
        },
        Token {
            token_type: Identifier(
                "values",
            ),
            position: 865,
            line: 38,
            column: 28,
        },
        Token {
            token_type: RightParen,
            position: 866,
            line: 38,
            column: 29,
        },
        Token {
            token_type: LeftBrace,
            position: 868,
            line: 38,
            column: 31,
        },
        Token {
            token_type: If,
            position: 877,
            line: 39,
            column: 9,
        },
        Token {
            token_type: LeftParen,
            position: 879,
            line: 39,
            column: 11,
        },
        Token {
            token_type: Identifier(
                "option",
            ),
            position: 885,
            line: 39,
            column: 17,
        },
        Token {
            token_type: EqEq,
            position: 888,
            line: 39,
            column: 20,
        },
        Token {
            token_type: Identifier(
                "sv",
            ),
            position: 891,
            line: 39,
            column: 23,
        },
        Token {
            token_type: RightParen,
            position: 892,
            line: 39,
            column: 24,
        },
        Token {
            token_type: LeftBrace,
            position: 894,
            line: 39,
            column: 26,
        },
        Token {
            token_type: Identifier(
                "ok",
            ),
            position: 897,
            line: 39,
            column: 29,
        },
        Token {
            token_type: Eq,
            position: 899,
            line: 39,
            column: 31,
        },
        Token {
            token_type: True,
            position: 904,
            line: 39,
            column: 36,
        },
        Token {
            token_type: Semicolon,
            position: 905,
            line: 39,
            column: 37,
        },
        Token {
            token_type: RightBrace,
            position: 907,
            line: 39,
            column: 39,
        },
        Token {
            token_type: RightBrace,
            position: 913,
            line: 40,
            column: 6,
        },
        Token {
            token_type: Identifier(
                "ok",
            ),
            position: 920,
            line: 41,
            column: 7,
        },
        Token {
            token_type: RightBrace,
            position: 924,
            line: 42,
            column: 4,
        },
        Token {
            token_type: Else,
            position: 929,
            line: 42,
            column: 9,
        },
        Token {
            token_type: LeftBrace,
            position: 931,
            line: 42,
            column: 11,
        },
        Token {
            token_type: False,
            position: 941,
            line: 43,
            column: 10,
        },
        Token {
            token_type: RightBrace,
            position: 945,
            line: 44,
            column: 4,
        },
        Token {
            token_type: RightBrace,
            position: 947,
            line: 45,
            column: 2,
        },
        Token {
            token_type: Function,
            position: 957,
            line: 47,
            column: 9,
        },
        Token {
            token_type: Identifier(
                "check",
            ),
            position: 963,
            line: 47,
            column: 15,
        },
        Token {
            token_type: LeftParen,
            position: 964,
            line: 47,
            column: 16,
        },
        Token {
            token_type: Identifier(
                "s",
            ),
            position: 965,
            line: 47,
            column: 17,
        },
        Token {
            token_type: Colon,
            position: 966,
            line: 47,
            column: 18,
        },
        Token {
            token_type: Identifier(
                "Setting",
            ),
            position: 974,
            line: 47,
            column: 26,
        },
        Token {
            token_type: RightParen,
            position: 975,
            line: 47,
            column: 27,
        },
        Token {
            token_type: Colon,
            position: 976,
            line: 47,
            column: 28,
        },
        Token {
            token_type: Identifier(
                "str",
            ),
            position: 980,
            line: 47,
            column: 32,
        },
        Token {
            token_type: LeftBrace,
            position: 982,
            line: 47,
            column: 34,
        },
        Token {
            token_type: Var,
            position: 988,
            line: 48,
            column: 6,
        },
        Token {
            token_type: Identifier(
                "valid",
            ),
            position: 994,
            line: 48,
            column: 12,
        },
        Token {
            token_type: Eq,
            position: 996,
            line: 48,
            column: 14,
        },
        Token {
            token_type: If,
            position: 999,
            line: 48,
            column: 17,
        },
        Token {
            token_type: LeftParen,
            position: 1001,
            line: 48,
            column: 19,
        },
        Token {
            token_type: Identifier(
                "s",
            ),
            position: 1002,
            line: 48,
            column: 20,
        },
        Token {
            token_type: Dot,
            position: 1003,
            line: 48,
            column: 21,
        },
        Token {
            token_type: Identifier(
                "constraint",
            ),
            position: 1013,
            line: 48,
            column: 31,
        },
        Token {
            token_type: Is,
            position: 1016,
            line: 48,
            column: 34,
        },
        Token {
            token_type: Null,
            position: 1021,
            line: 48,
            column: 39,
        },
        Token {
            token_type: RightParen,
            position: 1022,
            line: 48,
            column: 40,
        },
        Token {
            token_type: LeftBrace,
            position: 1024,
            line: 48,
            column: 42,
        },
        Token {
            token_type: True,
            position: 1033,
            line: 49,
            column: 9,
        },
        Token {
            token_type: RightBrace,
            position: 1037,
            line: 50,
            column: 4,
        },
        Token {
            token_type: Else,
            position: 1042,
            line: 50,
            column: 9,
        },
        Token {
            token_type: If,
            position: 1045,
            line: 50,
            column: 12,
        },
        Token {
            token_type: LeftParen,
            position: 1047,
            line: 50,
            column: 14,
        },
        Token {
            token_type: Identifier(
                "s",
            ),
            position: 1048,
            line: 50,
            column: 15,
        },
        Token {
            token_type: Dot,
            position: 1049,
            line: 50,
            column: 16,
        },
        Token {
            token_type: Identifier(
                "constraint",
            ),
            position: 1059,
            line: 50,
            column: 26,
        },
        Token {
            token_type: Is,
            position: 1062,
            line: 50,
            column: 29,
        },
        Token {
            token_type: Identifier(
                "Range",
            ),
            position: 1068,
            line: 50,
            column: 35,
        },
        Token {
            token_type: RightParen,
            position: 1069,
            line: 50,
            column: 36,
        },
        Token {
            token_type: LeftBrace,
            position: 1071,
            line: 50,
            column: 38,
        },
        Token {
            token_type: Identifier(
                "in_range",
            ),
            position: 1084,
            line: 51,
            column: 13,
        },
        Token {
            token_type: LeftParen,
            position: 1085,
            line: 51,
            column: 14,
        },
        Token {
            token_type: Identifier(
                "s",
            ),
            position: 1086,
            line: 51,
            column: 15,
        },
        Token {
            token_type: Dot,
            position: 1087,
            line: 51,
            column: 16,
        },
        Token {
            token_type: Identifier(
                "value",
            ),
            position: 1092,
            line: 51,
            column: 21,
        },
        Token {
            token_type: Comma,
            position: 1093,
            line: 51,
            column: 22,
        },
        Token {
            token_type: Identifier(
                "s",
            ),
            position: 1095,
            line: 51,
            column: 24,
        },
        Token {
            token_type: Dot,
            position: 1096,
            line: 51,
            column: 25,
        },
        Token {
            token_type: Identifier(
                "constraint",
            ),
            position: 1106,
            line: 51,
            column: 35,
        },
        Token {
            token_type: As,
            position: 1109,
            line: 51,
            column: 38,
        },
        Token {
            token_type: Identifier(
                "Range",
            ),
            position: 1115,
            line: 51,
            column: 44,
        },
        Token {
            token_type: RightParen,
            position: 1116,
            line: 51,
            column: 45,
        },
        Token {
            token_type: RightBrace,
            position: 1120,
            line: 52,
            column: 4,
        },
        Token {
            token_type: Else,
            position: 1125,
            line: 52,
            column: 9,
        },
        Token {
            token_type: LeftBrace,
            position: 1127,
            line: 52,
            column: 11,
        },
        Token {
            token_type: Identifier(
                "in_choices",
            ),
            position: 1142,
            line: 53,
            column: 15,
        },
        Token {
            token_type: LeftParen,
            position: 1143,
            line: 53,
            column: 16,
        },
        Token {
            token_type: Identifier(
                "s",
            ),
            position: 1144,
            line: 53,
            column: 17,
        },
        Token {
            token_type: Dot,
            position: 1145,
            line: 53,
            column: 18,
        },
        Token {
            token_type: Identifier(
                "value",
            ),
            position: 1150,
            line: 53,
            column: 23,
        },
        Token {
            token_type: Comma,
            position: 1151,
            line: 53,
            column: 24,
        },
        Token {
            token_type: Identifier(
                "s",
            ),
            position: 1153,
            line: 53,
            column: 26,
        },
        Token {
            token_type: Dot,
            position: 1154,
            line: 53,
            column: 27,
        },
        Token {
            token_type: Identifier(
                "constraint",
            ),
            position: 1164,
            line: 53,
            column: 37,
        },
        Token {
            token_type: As,
            position: 1167,
            line: 53,
            column: 40,
        },
        Token {
            token_type: Identifier(
                "Choices",
            ),
            position: 1175,
            line: 53,
            column: 48,
        },
        Token {
            token_type: RightParen,
            position: 1176,
            line: 53,
            column: 49,
        },
        Token {
            token_type: RightBrace,
            position: 1180,
            line: 54,
            column: 4,
        },
        Token {
            token_type: Semicolon,
            position: 1181,
            line: 54,
            column: 5,
        },
        Token {
            token_type: Identifier(
                "s",
            ),
            position: 1186,
            line: 56,
            column: 4,
        },
        Token {
            token_type: Dot,
            position: 1187,
            line: 56,
            column: 5,
        },
        Token {
            token_type: Identifier(
                "name",
            ),
            position: 1191,
            line: 56,
            column: 9,
        },
        Token {
            token_type: Plus,
            position: 1193,
            line: 56,
            column: 11,
        },
        Token {
            token_type: StringLit(
                " = ",
            ),
            position: 1199,
            line: 56,
            column: 17,
        },
        Token {
            token_type: Plus,
            position: 1201,
            line: 56,
            column: 19,
        },
        Token {
            token_type: LeftParen,
            position: 1203,
            line: 56,
            column: 21,
        },
        Token {
            token_type: If,
            position: 1205,
            line: 56,
            column: 23,
        },
        Token {
            token_type: LeftParen,
            position: 1207,
            line: 56,
            column: 25,
        },
        Token {
            token_type: Identifier(
                "valid",
            ),
            position: 1212,
            line: 56,
            column: 30,
        },
        Token {
            token_type: RightParen,
            position: 1213,
            line: 56,
            column: 31,
        },
        Token {
            token_type: LeftBrace,
            position: 1215,
            line: 56,
            column: 33,
        },
        Token {
            token_type: StringLit(
                "ok",
            ),
            position: 1220,
            line: 56,
            column: 38,
        },
        Token {
            token_type: RightBrace,
            position: 1222,
            line: 56,
            column: 40,
        },
        Token {
            token_type: Else,
            position: 1227,
            line: 56,
            column: 45,
        },
        Token {
            token_type: LeftBrace,
            position: 1229,
            line: 56,
            column: 47,
        },
        Token {
            token_type: StringLit(
                "INVALID",
            ),
            position: 1239,
            line: 56,
            column: 57,
        },
        Token {
            token_type: RightBrace,
            position: 1241,
            line: 56,
            column: 59,
        },
        Token {
            token_type: RightParen,
            position: 1242,
            line: 56,
            column: 60,
        },
        Token {
            token_type: RightBrace,
            position: 1244,
            line: 57,
            column: 2,
        },
        Token {
            token_type: Function,
            position: 1254,
            line: 59,
            column: 9,
        },
        Token {
            token_type: Identifier(
                "main",
            ),
            position: 1259,
            line: 59,
            column: 14,
        },
        Token {
            token_type: LeftParen,
            position: 1260,
            line: 59,
            column: 15,
        },
        Token {
            token_type: RightParen,
            position: 1261,
            line: 59,
            column: 16,
        },
        Token {
            token_type: Colon,
            position: 1262,
            line: 59,
            column: 17,
        },
        Token {
            token_type: Identifier(
                "i64",
            ),
            position: 1266,
            line: 59,
            column: 21,
        },
        Token {
            token_type: LeftBrace,
            position: 1268,
            line: 59,
            column: 23,
        },
        Token {
            token_type: Var,
            position: 1274,
            line: 60,
            column: 6,
        },
        Token {
            token_type: Identifier(
                "settings",
            ),
            position: 1283,
            line: 60,
            column: 15,
        },
        Token {
            token_type: Colon,
            position: 1284,
            line: 60,
            column: 16,
        },
        Token {
            token_type: Identifier(
                "List",
            ),
            position: 1289,
            line: 60,
            column: 21,
        },
        Token {
            token_type: LT,
            position: 1290,
            line: 60,
            column: 22,
        },
        Token {
            token_type: Identifier(
                "Setting",
            ),
            position: 1297,
            line: 60,
            column: 29,
        },
        Token {
            token_type: GT,
            position: 1298,
            line: 60,
            column: 30,
        },
        Token {
            token_type: Eq,
            position: 1300,
            line: 60,
            column: 32,
        },
        Token {
            token_type: LeftBracket,
            position: 1302,
            line: 60,
            column: 34,
        },
        Token {
            token_type: Identifier(
                "Setting",
            ),
            position: 1314,
            line: 61,
            column: 12,
        },
        Token {
            token_type: LeftBrace,
            position: 1316,
            line: 61,
            column: 14,
        },
        Token {
            token_type: Identifier(
                "name",
            ),
            position: 1321,
            line: 61,
            column: 19,
        },
        Token {
            token_type: Colon,
            position: 1322,
            line: 61,
            column: 20,
        },
        Token {
            token_type: StringLit(
                "volume",
            ),
            position: 1331,
            line: 61,
            column: 29,
        },
        Token {
            token_type: Comma,
            position: 1332,
            line: 61,
            column: 30,
        },
        Token {
            token_type: Identifier(
                "value",
            ),
            position: 1338,
            line: 61,
            column: 36,
        },
        Token {
            token_type: Colon,
            position: 1339,
            line: 61,
            column: 37,
        },
        Token {
            token_type: Float(
                "0.7",
            ),
            position: 1343,
            line: 61,
            column: 41,
        },
        Token {
            token_type: Comma,
            position: 1344,
            line: 61,
            column: 42,
        },
        Token {
            token_type: Identifier(
                "constraint",
            ),
            position: 1358,
            line: 61,
            column: 56,
        },
        Token {
            token_type: Colon,
            position: 1359,
            line: 61,
            column: 57,
        },
        Token {
            token_type: Identifier(
                "Range",
            ),
            position: 1365,
            line: 61,
            column: 63,
        },
        Token {
            token_type: LeftBrace,
            position: 1369,
            line: 61,
            column: 67,
        },
        Token {
            token_type: Identifier(
                "min",
            ),
            position: 1373,
            line: 61,
            column: 71,
        },
        Token {
            token_type: Colon,
            position: 1374,
            line: 61,
            column: 72,
        },
        Token {
            token_type: Float(
                "0.0",
            ),
            position: 1378,
            line: 61,
            column: 76,
        },
        Token {
            token_type: Comma,
            position: 1379,
            line: 61,
            column: 77,
        },
        Token {
            token_type: Identifier(
                "max",
            ),
            position: 1383,
            line: 61,
            column: 81,
        },
        Token {
            token_type: Colon,
            position: 1384,
            line: 61,
            column: 82,
        },
        Token {
            token_type: Float(
                "1.0",
            ),
            position: 1388,
            line: 61,
            column: 86,
        },
        Token {
            token_type: RightBrace,
            position: 1390,
            line: 61,
            column: 88,
        },
        Token {
            token_type: RightBrace,
            position: 1392,
            line: 61,
            column: 90,
        },
        Token {
            token_type: Comma,
            position: 1393,
            line: 61,
            column: 91,
        },
        Token {
            token_type: Identifier(
                "Setting",
            ),
            position: 1405,
            line: 62,
            column: 12,
        },
        Token {
            token_type: LeftBrace,
            position: 1407,
            line: 62,
            column: 14,
        },
        Token {
            token_type: Identifier(
                "name",
            ),
            position: 1412,
            line: 62,
            column: 19,
        },
        Token {
            token_type: Colon,
            position: 1413,
            line: 62,
            column: 20,
        },
        Token {
            token_type: StringLit(
                "mode",
            ),
            position: 1420,
            line: 62,
            column: 27,
        },
        Token {
            token_type: Comma,
            position: 1421,
            line: 62,
            column: 28,
        },
        Token {
            token_type: Identifier(
                "value",
            ),
            position: 1429,
            line: 62,
            column: 36,
        },
        Token {
            token_type: Colon,
            position: 1430,
            line: 62,
            column: 37,
        },
        Token {
            token_type: StringLit(
                "fast",
            ),
            position: 1437,
            line: 62,
            column: 44,
        },
        Token {
            token_type: Comma,
            position: 1438,
            line: 62,
            column: 45,
        },
        Token {
            token_type: Identifier(
                "constraint",
            ),
            position: 1449,
            line: 62,
            column: 56,
        },
        Token {
            token_type: Colon,
            position: 1450,
            line: 62,
            column: 57,
        },
        Token {
            token_type: Identifier(
                "Choices",
            ),
            position: 1458,
            line: 62,
            column: 65,
        },
        Token {
            token_type: LeftBrace,
            position: 1460,
            line: 62,
            column: 67,
        },
        Token {
            token_type: Identifier(
                "values",
            ),
            position: 1467,
            line: 62,
            column: 74,
        },
        Token {
            token_type: Colon,
            position: 1468,
            line: 62,
            column: 75,
        },
        Token {
            token_type: LeftBracket,
            position: 1470,
            line: 62,
            column: 77,
        },
        Token {
            token_type: StringLit(
                "slow",
            ),
            position: 1476,
            line: 62,
            column: 83,
        },
        Token {
            token_type: Comma,
            position: 1477,
            line: 62,
            column: 84,
        },
        Token {
            token_type: StringLit(
                "fast",
            ),
            position: 1484,
            line: 62,
            column: 91,
        },
        Token {
            token_type: Comma,
            position: 1485,
            line: 62,
            column: 92,
        },
        Token {
            token_type: StringLit(
                "auto",
            ),
            position: 1492,
            line: 62,
            column: 99,
        },
        Token {
            token_type: RightBracket,
            position: 1493,
            line: 62,
            column: 100,
        },
        Token {
            token_type: RightBrace,
            position: 1495,
            line: 62,
            column: 102,
        },
        Token {
            token_type: RightBrace,
            position: 1497,
            line: 62,
            column: 104,
        },
        Token {
            token_type: Comma,
            position: 1498,
            line: 62,
            column: 105,
        },
        Token {
            token_type: Identifier(
                "Setting",
            ),
            position: 1510,
            line: 63,
            column: 12,
        },
        Token {
            token_type: LeftBrace,
            position: 1512,
            line: 63,
            column: 14,
        },
        Token {
            token_type: Identifier(
                "name",
            ),
            position: 1517,
            line: 63,
            column: 19,
        },
        Token {
            token_type: Colon,
            position: 1518,
            line: 63,
            column: 20,
        },
        Token {
            token_type: StringLit(
                "debug",
            ),
            position: 1526,
            line: 63,
            column: 28,
        },
        Token {
            token_type: Comma,
            position: 1527,
            line: 63,
            column: 29,
        },
        Token {
            token_type: Identifier(
                "value",
            ),
            position: 1534,
            line: 63,
            column: 36,
        },
        Token {
            token_type: Colon,
            position: 1535,
            line: 63,
            column: 37,
        },
        Token {
            token_type: True,
            position: 1540,
            line: 63,
            column: 42,
        },
        Token {
            token_type: Comma,
            position: 1541,
            line: 63,
            column: 43,
        },
        Token {
            token_type: Identifier(
                "constraint",
            ),
            position: 1554,
            line: 63,
            column: 56,
        },
        Token {
            token_type: Colon,
            position: 1555,
            line: 63,
            column: 57,
        },
        Token {
            token_type: Null,
            position: 1560,
            line: 63,
            column: 62,
        },
        Token {
            token_type: RightBrace,
            position: 1562,
            line: 63,
            column: 64,
        },
        Token {
            token_type: Comma,
            position: 1563,
            line: 63,
            column: 65,
        },
        Token {
            token_type: Identifier(
                "Setting",
            ),
            position: 1575,
            line: 64,
            column: 12,
        },
        Token {
            token_type: LeftBrace,
            position: 1577,
            line: 64,
            column: 14,
        },
        Token {
            token_type: Identifier(
                "name",
            ),
            position: 1582,
            line: 64,
            column: 19,
        },
        Token {
            token_type: Colon,
            position: 1583,
            line: 64,
            column: 20,
        },
        Token {
            token_type: StringLit(
                "speed",
            ),
            position: 1591,
            line: 64,
            column: 28,
        },
        Token {
            token_type: Comma,
            position: 1592,
            line: 64,
            column: 29,
        },
        Token {
            token_type: Identifier(
                "value",
            ),
            position: 1599,
            line: 64,
            column: 36,
        },
        Token {
            token_type: Colon,
            position: 1600,
            line: 64,
            column: 37,
        },
        Token {
            token_type: Int(
                "200",
            ),
            position: 1604,
            line: 64,
            column: 41,
        },
        Token {
            token_type: Comma,
            position: 1605,
            line: 64,
            column: 42,
        },
        Token {
            token_type: Identifier(
                "constraint",
            ),
            position: 1619,
            line: 64,
            column: 56,
        },
        Token {
            token_type: Colon,
            position: 1620,
            line: 64,
            column: 57,
        },
        Token {
            token_type: Identifier(
                "Range",
            ),
            position: 1626,
            line: 64,
            column: 63,
        },
        Token {
            token_type: LeftBrace,
            position: 1630,
            line: 64,
            column: 67,
        },
        Token {
            token_type: Identifier(
                "min",
            ),
            position: 1634,
            line: 64,
            column: 71,
        },
        Token {
            token_type: Colon,
            position: 1635,
            line: 64,
            column: 72,
        },
        Token {
            token_type: Float(
                "0.0",
            ),
            position: 1639,
            line: 64,
            column: 76,
        },
        Token {
            token_type: Comma,
            position: 1640,
            line: 64,
            column: 77,
        },
        Token {
            token_type: Identifier(
                "max",
            ),
            position: 1644,
            line: 64,
            column: 81,
        },
        Token {
            token_type: Colon,
            position: 1645,
            line: 64,
            column: 82,
        },
        Token {
            token_type: Float(
                "100.0",
            ),
            position: 1651,
            line: 64,
            column: 88,
        },
        Token {
            token_type: RightBrace,
            position: 1653,
            line: 64,
            column: 90,
        },
        Token {
            token_type: RightBrace,
            position: 1655,
            line: 64,
            column: 92,
        },
        Token {
            token_type: Comma,
            position: 1656,
            line: 64,
            column: 93,
        },
        Token {
            token_type: Identifier(
                "Setting",
            ),
            position: 1668,
            line: 65,
            column: 12,
        },
        Token {
            token_type: LeftBrace,
            position: 1670,
            line: 65,
            column: 14,
        },
        Token {
            token_type: Identifier(
                "name",
            ),
            position: 1675,
            line: 65,
            column: 19,
        },
        Token {
            token_type: Colon,
            position: 1676,
            line: 65,
            column: 20,
        },
        Token {
            token_type: StringLit(
                "mode2",
            ),
            position: 1684,
            line: 65,
            column: 28,
        },
        Token {
            token_type: Comma,
            position: 1685,
            line: 65,
            column: 29,
        },
        Token {
            token_type: Identifier(
                "value",
            ),
            position: 1692,
            line: 65,
            column: 36,
        },
        Token {
            token_type: Colon,
            position: 1693,
            line: 65,
            column: 37,
        },
        Token {
            token_type: StringLit(
                "warp",
            ),
            position: 1700,
            line: 65,
            column: 44,
        },
        Token {
            token_type: Comma,
            position: 1701,
            line: 65,
            column: 45,
        },
        Token {
            token_type: Identifier(
                "constraint",
            ),
            position: 1712,
            line: 65,
            column: 56,
        },
        Token {
            token_type: Colon,
            position: 1713,
            line: 65,
            column: 57,
        },
        Token {
            token_type: Identifier(
                "Choices",
            ),
            position: 1721,
            line: 65,
            column: 65,
        },
        Token {
            token_type: LeftBrace,
            position: 1723,
            line: 65,
            column: 67,
        },
        Token {
            token_type: Identifier(
                "values",
            ),
            position: 1730,
            line: 65,
            column: 74,
        },
        Token {
            token_type: Colon,
            position: 1731,
            line: 65,
            column: 75,
        },
        Token {
            token_type: LeftBracket,
            position: 1733,
            line: 65,
            column: 77,
        },
        Token {
            token_type: StringLit(
                "slow",
            ),
            position: 1739,
            line: 65,
            column: 83,
        },
        Token {
            token_type: Comma,
            position: 1740,
            line: 65,
            column: 84,
        },
        Token {
            token_type: StringLit(
                "fast",
            ),
            position: 1747,
            line: 65,
            column: 91,
        },
        Token {
            token_type: Comma,
            position: 1748,
            line: 65,
            column: 92,
        },
        Token {
            token_type: StringLit(
                "auto",
            ),
            position: 1755,
            line: 65,
            column: 99,
        },
        Token {
            token_type: RightBracket,
            position: 1756,
            line: 65,
            column: 100,
        },
        Token {
            token_type: RightBrace,
            position: 1758,
            line: 65,
            column: 102,
        },
        Token {
            token_type: RightBrace,
            position: 1760,
            line: 65,
            column: 104,
        },
        Token {
            token_type: Comma,
            position: 1761,
            line: 65,
            column: 105,
        },
        Token {
            token_type: RightBracket,
            position: 1765,
            line: 66,
            column: 4,
        },
        Token {
            token_type: Semicolon,
            position: 1766,
            line: 66,
            column: 5,
        },
        Token {
            token_type: For,
            position: 1772,
            line: 67,
            column: 6,
        },
        Token {
            token_type: LeftParen,
            position: 1774,
            line: 67,
            column: 8,
        },
        Token {
            token_type: Identifier(
                "s",
            ),
            position: 1775,
            line: 67,
            column: 9,
        },
        Token {
            token_type: In,
            position: 1778,
            line: 67,
            column: 12,
        },
        Token {
            token_type: Identifier(
                "settings",
            ),
            position: 1787,
            line: 67,
            column: 21,
        },
        Token {
            token_type: RightParen,
            position: 1788,
            line: 67,
            column: 22,
        },
        Token {
            token_type: LeftBrace,
            position: 1790,
            line: 67,
            column: 24,
        },
        Token {
            token_type: Identifier(
                "print",
            ),
            position: 1800,
            line: 68,
            column: 10,
        },
        Token {
            token_type: LeftParen,
            position: 1801,
            line: 68,
            column: 11,
        },
        Token {
            token_type: Identifier(
                "check",
            ),
            position: 1806,
            line: 68,
            column: 16,
        },
        Token {
            token_type: LeftParen,
            position: 1807,
            line: 68,
            column: 17,
        },
        Token {
            token_type: Identifier(
                "s",
            ),
            position: 1808,
            line: 68,
            column: 18,
        },
        Token {
            token_type: RightParen,
            position: 1809,
            line: 68,
            column: 19,
        },
        Token {
            token_type: RightParen,
            position: 1810,
            line: 68,
            column: 20,
        },
        Token {
            token_type: Semicolon,
            position: 1811,
            line: 68,
            column: 21,
        },
        Token {
            token_type: RightBrace,
            position: 1815,
            line: 69,
            column: 4,
        },
        Token {
            token_type: Int(
                "0",
            ),
            position: 1819,
            line: 70,
            column: 4,
        },
        Token {
            token_type: RightBrace,
            position: 1821,
            line: 71,
            column: 2,
        },
    ],
)
