---
source: tests/lexer_snapshots.rs
expression: tokens
input_file: examples/language/01_primitives.of
---
Ok(
    [
        Token {
            token_type: Import,
            position: 6,
            line: 1,
            column: 7,
        },
        Token {
            token_type: LeftBrace,
            position: 8,
            line: 1,
            column: 9,
        },
        Token {
            token_type: Identifier(
                "print",
            ),
            position: 14,
            line: 1,
            column: 15,
        },
        Token {
            token_type: RightBrace,
            position: 16,
            line: 1,
            column: 17,
        },
        Token {
            token_type: From,
            position: 21,
            line: 1,
            column: 22,
        },
        Token {
            token_type: StringLit(
                "of:core",
            ),
            position: 31,
            line: 1,
            column: 32,
        },
        Token {
            token_type: Semicolon,
            position: 32,
            line: 1,
            column: 33,
        },
        Token {
            token_type: Function,
            position: 42,
            line: 3,
            column: 9,
        },
        Token {
            token_type: Identifier(
                "main",
            ),
            position: 47,
            line: 3,
            column: 14,
        },
        Token {
            token_type: LeftParen,
            position: 48,
            line: 3,
            column: 15,
        },
        Token {
            token_type: RightParen,
            position: 49,
            line: 3,
            column: 16,
        },
        Token {
            token_type: Colon,
            position: 50,
            line: 3,
            column: 17,
        },
        Token {
            token_type: Identifier(
                "i64",
            ),
            position: 54,
            line: 3,
            column: 21,
        },
        Token {
            token_type: LeftBrace,
            position: 56,
            line: 3,
            column: 23,
        },
        Token {
            token_type: Var,
            position: 62,
            line: 4,
            column: 6,
        },
        Token {
            token_type: Identifier(
                "name",
            ),
            position: 67,
            line: 4,
            column: 11,
        },
        Token {
            token_type: Colon,
            position: 68,
            line: 4,
            column: 12,
        },
        Token {
            token_type: Identifier(
                "str",
            ),
            position: 72,
            line: 4,
            column: 16,
        },
        Token {
            token_type: Eq,
            position: 74,
            line: 4,
            column: 18,
        },
        Token {
            token_type: StringLit(
                "Otter",
            ),
            position: 82,
            line: 4,
            column: 26,
        },
        Token {
            token_type: Semicolon,
            position: 83,
            line: 4,
            column: 27,
        },
        Token {
            token_type: Var,
            position: 89,
            line: 5,
            column: 6,
        },
        Token {
            token_type: Identifier(
                "age",
            ),
            position: 93,
            line: 5,
            column: 10,
        },
        Token {
            token_type: Eq,
            position: 95,
            line: 5,
            column: 12,
        },
        Token {
            token_type: Int(
                "30",
            ),
            position: 98,
            line: 5,
            column: 15,
        },
        Token {
            token_type: Semicolon,
            position: 99,
            line: 5,
            column: 16,
        },
        Token {
            token_type: Var,
            position: 132,
            line: 6,
            column: 6,
        },
        Token {
            token_type: Identifier(
                "height",
            ),
            position: 139,
            line: 6,
            column: 13,
        },
        Token {
            token_type: Colon,
            position: 140,
            line: 6,
            column: 14,
        },
        Token {
            token_type: Identifier(
                "f32",
            ),
            position: 144,
            line: 6,
            column: 18,
        },
        Token {
            token_type: Eq,
            position: 146,
            line: 6,
            column: 20,
        },
        Token {
            token_type: Float(
                "1.78",
            ),
            position: 151,
            line: 6,
            column: 25,
        },
        Token {
            token_type: Semicolon,
            position: 152,
            line: 6,
            column: 26,
        },
        Token {
            token_type: Var,
            position: 158,
            line: 7,
            column: 6,
        },
        Token {
            token_type: Identifier(
                "alive",
            ),
            position: 164,
            line: 7,
            column: 12,
        },
        Token {
            token_type: Colon,
            position: 165,
            line: 7,
            column: 13,
        },
        Token {
            token_type: Identifier(
                "bool",
            ),
            position: 170,
            line: 7,
            column: 18,
        },
        Token {
            token_type: Eq,
            position: 172,
            line: 7,
            column: 20,
        },
        Token {
            token_type: True,
            position: 177,
            line: 7,
            column: 25,
        },
        Token {
            token_type: Semicolon,
            position: 178,
            line: 7,
            column: 26,
        },
        Token {
            token_type: Var,
            position: 184,
            line: 8,
            column: 6,
        },
        Token {
            token_type: Identifier(
                "initial",
            ),
            position: 192,
            line: 8,
            column: 14,
        },
        Token {
            token_type: Colon,
            position: 193,
            line: 8,
            column: 15,
        },
        Token {
            token_type: Identifier(
                "char",
            ),
            position: 198,
            line: 8,
            column: 20,
        },
        Token {
            token_type: Eq,
            position: 200,
            line: 8,
            column: 22,
        },
        Token {
            token_type: CharLit(
                'O',
            ),
            position: 204,
            line: 8,
            column: 26,
        },
        Token {
            token_type: Semicolon,
            position: 205,
            line: 8,
            column: 27,
        },
        Token {
            token_type: Identifier(
                "print",
            ),
            position: 214,
            line: 10,
            column: 8,
        },
        Token {
            token_type: LeftParen,
            position: 215,
            line: 10,
            column: 9,
        },
        Token {
            token_type: Identifier(
                "name",
            ),
            position: 219,
            line: 10,
            column: 13,
        },
        Token {
            token_type: RightParen,
            position: 220,
            line: 10,
            column: 14,
        },
        Token {
            token_type: Semicolon,
            position: 221,
            line: 10,
            column: 15,
        },
        Token {
            token_type: Identifier(
                "print",
            ),
            position: 229,
            line: 11,
            column: 8,
        },
        Token {
            token_type: LeftParen,
            position: 230,
            line: 11,
            column: 9,
        },
        Token {
            token_type: StringLit(
                "age: ",
            ),
            position: 237,
            line: 11,
            column: 16,
        },
        Token {
            token_type: Plus,
            position: 239,
            line: 11,
            column: 18,
        },
        Token {
            token_type: LeftParen,
            position: 241,
            line: 11,
            column: 20,
        },
        Token {
            token_type: Identifier(
                "age",
            ),
            position: 244,
            line: 11,
            column: 23,
        },
        Token {
            token_type: As,
            position: 247,
            line: 11,
            column: 26,
        },
        Token {
            token_type: Identifier(
                "str",
            ),
            position: 251,
            line: 11,
            column: 30,
        },
        Token {
            token_type: RightParen,
            position: 252,
            line: 11,
            column: 31,
        },
        Token {
            token_type: RightParen,
            position: 253,
            line: 11,
            column: 32,
        },
        Token {
            token_type: Semicolon,
            position: 254,
            line: 11,
            column: 33,
        },
        Token {
            token_type: Identifier(
                "print",
            ),
            position: 262,
            line: 12,
            column: 8,
        },
        Token {
            token_type: LeftParen,
            position: 263,
            line: 12,
            column: 9,
        },
        Token {
            token_type: StringLit(
                "height: ",
            ),
            position: 273,
            line: 12,
            column: 19,
        },
        Token {
            token_type: Plus,
            position: 275,
            line: 12,
            column: 21,
        },
        Token {
            token_type: LeftParen,
            position: 277,
            line: 12,
            column: 23,
        },
        Token {
            token_type: Identifier(
                "height",
            ),
            position: 283,
            line: 12,
            column: 29,
        },
        Token {
            token_type: As,
            position: 286,
            line: 12,
            column: 32,
        },
        Token {
            token_type: Identifier(
                "str",
            ),
            position: 290,
            line: 12,
            column: 36,
        },
        Token {
            token_type: RightParen,
            position: 291,
            line: 12,
            column: 37,
        },
        Token {
            token_type: RightParen,
            position: 292,
            line: 12,
            column: 38,
        },
        Token {
            token_type: Semicolon,
            position: 293,
            line: 12,
            column: 39,
        },
        Token {
            token_type: Identifier(
                "print",
            ),
            position: 301,
            line: 13,
            column: 8,
        },
        Token {
            token_type: LeftParen,
            position: 302,
            line: 13,
            column: 9,
        },
        Token {
            token_type: StringLit(
                "alive: ",
            ),
            position: 311,
            line: 13,
            column: 18,
        },
        Token {
            token_type: Plus,
            position: 313,
            line: 13,
            column: 20,
        },
        Token {
            token_type: LeftParen,
            position: 315,
            line: 13,
            column: 22,
        },
        Token {
            token_type: Identifier(
                "alive",
            ),
            position: 320,
            line: 13,
            column: 27,
        },
        Token {
            token_type: As,
            position: 323,
            line: 13,
            column: 30,
        },
        Token {
            token_type: Identifier(
                "str",
            ),
            position: 327,
            line: 13,
            column: 34,
        },
        Token {
            token_type: RightParen,
            position: 328,
            line: 13,
            column: 35,
        },
        Token {
            token_type: RightParen,
            position: 329,
            line: 13,
            column: 36,
        },
        Token {
            token_type: Semicolon,
            position: 330,
            line: 13,
            column: 37,
        },
        Token {
            token_type: Int(
                "0",
            ),
            position: 335,
            line: 15,
            column: 4,
        },
        Token {
            token_type: RightBrace,
            position: 337,
            line: 16,
            column: 2,
        },
    ],
)
