---
source: tests/lexer_snapshots.rs
expression: tokens
input_file: examples/networking/01_tcp_echo_server.of
---
Ok(
    [
        Token {
            token_type: Import,
            position: 205,
            line: 5,
            column: 7,
        },
        Token {
            token_type: LeftBrace,
            position: 207,
            line: 5,
            column: 9,
        },
        Token {
            token_type: Identifier(
                "println",
            ),
            position: 215,
            line: 5,
            column: 17,
        },
        Token {
            token_type: RightBrace,
            position: 217,
            line: 5,
            column: 19,
        },
        Token {
            token_type: From,
            position: 222,
            line: 5,
            column: 24,
        },
        Token {
            token_type: StringLit(
                "of:core",
            ),
            position: 232,
            line: 5,
            column: 34,
        },
        Token {
            token_type: Semicolon,
            position: 233,
            line: 5,
            column: 35,
        },
        Token {
            token_type: Import,
            position: 240,
            line: 6,
            column: 7,
        },
        Token {
            token_type: LeftBrace,
            position: 242,
            line: 6,
            column: 9,
        },
        Token {
            token_type: Identifier(
                "TcpListener",
            ),
            position: 254,
            line: 6,
            column: 21,
        },
        Token {
            token_type: Comma,
            position: 255,
            line: 6,
            column: 22,
        },
        Token {
            token_type: Identifier(
                "TcpStream",
            ),
            position: 265,
            line: 6,
            column: 32,
        },
        Token {
            token_type: Comma,
            position: 266,
            line: 6,
            column: 33,
        },
        Token {
            token_type: Identifier(
                "ReadResult",
            ),
            position: 277,
            line: 6,
            column: 44,
        },
        Token {
            token_type: Comma,
            position: 278,
            line: 6,
            column: 45,
        },
        Token {
            token_type: Identifier(
                "IoError",
            ),
            position: 286,
            line: 6,
            column: 53,
        },
        Token {
            token_type: RightBrace,
            position: 288,
            line: 6,
            column: 55,
        },
        Token {
            token_type: From,
            position: 293,
            line: 6,
            column: 60,
        },
        Token {
            token_type: StringLit(
                "of_io",
            ),
            position: 301,
            line: 6,
            column: 68,
        },
        Token {
            token_type: Semicolon,
            position: 302,
            line: 6,
            column: 69,
        },
        Token {
            token_type: Function,
            position: 312,
            line: 8,
            column: 9,
        },
        Token {
            token_type: Identifier(
                "main",
            ),
            position: 317,
            line: 8,
            column: 14,
        },
        Token {
            token_type: LeftParen,
            position: 318,
            line: 8,
            column: 15,
        },
        Token {
            token_type: RightParen,
            position: 319,
            line: 8,
            column: 16,
        },
        Token {
            token_type: Colon,
            position: 320,
            line: 8,
            column: 17,
        },
        Token {
            token_type: Identifier(
                "i64",
            ),
            position: 324,
            line: 8,
            column: 21,
        },
        Token {
            token_type: LeftBrace,
            position: 326,
            line: 8,
            column: 23,
        },
        Token {
            token_type: Var,
            position: 332,
            line: 9,
            column: 6,
        },
        Token {
            token_type: Identifier(
                "listener_or_err",
            ),
            position: 348,
            line: 9,
            column: 22,
        },
        Token {
            token_type: Eq,
            position: 350,
            line: 9,
            column: 24,
        },
        Token {
            token_type: Identifier(
                "TcpListener",
            ),
            position: 362,
            line: 9,
            column: 36,
        },
        Token {
            token_type: Dot,
            position: 363,
            line: 9,
            column: 37,
        },
        Token {
            token_type: Identifier(
                "bind",
            ),
            position: 367,
            line: 9,
            column: 41,
        },
        Token {
            token_type: LeftParen,
            position: 368,
            line: 9,
            column: 42,
        },
        Token {
            token_type: StringLit(
                "127.0.0.1",
            ),
            position: 379,
            line: 9,
            column: 53,
        },
        Token {
            token_type: Comma,
            position: 380,
            line: 9,
            column: 54,
        },
        Token {
            token_type: Int(
                "8080",
            ),
            position: 385,
            line: 9,
            column: 59,
        },
        Token {
            token_type: As,
            position: 388,
            line: 9,
            column: 62,
        },
        Token {
            token_type: Identifier(
                "u16",
            ),
            position: 392,
            line: 9,
            column: 66,
        },
        Token {
            token_type: Comma,
            position: 393,
            line: 9,
            column: 67,
        },
        Token {
            token_type: Int(
                "1",
            ),
            position: 395,
            line: 9,
            column: 69,
        },
        Token {
            token_type: RightParen,
            position: 396,
            line: 9,
            column: 70,
        },
        Token {
            token_type: Semicolon,
            position: 397,
            line: 9,
            column: 71,
        },
        Token {
            token_type: If,
            position: 402,
            line: 10,
            column: 5,
        },
        Token {
            token_type: LeftParen,
            position: 404,
            line: 10,
            column: 7,
        },
        Token {
            token_type: Identifier(
                "listener_or_err",
            ),
            position: 419,
            line: 10,
            column: 22,
        },
        Token {
            token_type: Is,
            position: 422,
            line: 10,
            column: 25,
        },
        Token {
            token_type: Identifier(
                "IoError",
            ),
            position: 430,
            line: 10,
            column: 33,
        },
        Token {
            token_type: RightParen,
            position: 431,
            line: 10,
            column: 34,
        },
        Token {
            token_type: LeftBrace,
            position: 433,
            line: 10,
            column: 36,
        },
        Token {
            token_type: Identifier(
                "println",
            ),
            position: 445,
            line: 11,
            column: 12,
        },
        Token {
            token_type: LeftParen,
            position: 446,
            line: 11,
            column: 13,
        },
        Token {
            token_type: StringLit(
                "bind: ",
            ),
            position: 454,
            line: 11,
            column: 21,
        },
        Token {
            token_type: Plus,
            position: 456,
            line: 11,
            column: 23,
        },
        Token {
            token_type: LeftParen,
            position: 458,
            line: 11,
            column: 25,
        },
        Token {
            token_type: Identifier(
                "listener_or_err",
            ),
            position: 473,
            line: 11,
            column: 40,
        },
        Token {
            token_type: As,
            position: 476,
            line: 11,
            column: 43,
        },
        Token {
            token_type: Identifier(
                "IoError",
            ),
            position: 484,
            line: 11,
            column: 51,
        },
        Token {
            token_type: RightParen,
            position: 485,
            line: 11,
            column: 52,
        },
        Token {
            token_type: Dot,
            position: 486,
            line: 11,
            column: 53,
        },
        Token {
            token_type: Identifier(
                "message",
            ),
            position: 493,
            line: 11,
            column: 60,
        },
        Token {
            token_type: LeftParen,
            position: 494,
            line: 11,
            column: 61,
        },
        Token {
            token_type: RightParen,
            position: 495,
            line: 11,
            column: 62,
        },
        Token {
            token_type: RightParen,
            position: 496,
            line: 11,
            column: 63,
        },
        Token {
            token_type: Semicolon,
            position: 497,
            line: 11,
            column: 64,
        },
        Token {
            token_type: Return,
            position: 508,
            line: 12,
            column: 11,
        },
        Token {
            token_type: Int(
                "1",
            ),
            position: 510,
            line: 12,
            column: 13,
        },
        Token {
            token_type: Semicolon,
            position: 511,
            line: 12,
            column: 14,
        },
        Token {
            token_type: RightBrace,
            position: 515,
            line: 13,
            column: 4,
        },
        Token {
            token_type: Var,
            position: 521,
            line: 14,
            column: 6,
        },
        Token {
            token_type: Identifier(
                "listener",
            ),
            position: 530,
            line: 14,
            column: 15,
        },
        Token {
            token_type: Eq,
            position: 532,
            line: 14,
            column: 17,
        },
        Token {
            token_type: Identifier(
                "listener_or_err",
            ),
            position: 548,
            line: 14,
            column: 33,
        },
        Token {
            token_type: As,
            position: 551,
            line: 14,
            column: 36,
        },
        Token {
            token_type: Identifier(
                "TcpListener",
            ),
            position: 563,
            line: 14,
            column: 48,
        },
        Token {
            token_type: Semicolon,
            position: 564,
            line: 14,
            column: 49,
        },
        Token {
            token_type: Identifier(
                "println",
            ),
            position: 574,
            line: 15,
            column: 10,
        },
        Token {
            token_type: LeftParen,
            position: 575,
            line: 15,
            column: 11,
        },
        Token {
            token_type: StringLit(
                "listening on 127.0.0.1:8080",
            ),
            position: 604,
            line: 15,
            column: 40,
        },
        Token {
            token_type: RightParen,
            position: 605,
            line: 15,
            column: 41,
        },
        Token {
            token_type: Semicolon,
            position: 606,
            line: 15,
            column: 42,
        },
        Token {
            token_type: Var,
            position: 613,
            line: 17,
            column: 6,
        },
        Token {
            token_type: Identifier(
                "accept_res",
            ),
            position: 624,
            line: 17,
            column: 17,
        },
        Token {
            token_type: Eq,
            position: 626,
            line: 17,
            column: 19,
        },
        Token {
            token_type: Identifier(
                "listener",
            ),
            position: 635,
            line: 17,
            column: 28,
        },
        Token {
            token_type: Dot,
            position: 636,
            line: 17,
            column: 29,
        },
        Token {
            token_type: Identifier(
                "accept",
            ),
            position: 642,
            line: 17,
            column: 35,
        },
        Token {
            token_type: LeftParen,
            position: 643,
            line: 17,
            column: 36,
        },
        Token {
            token_type: RightParen,
            position: 644,
            line: 17,
            column: 37,
        },
        Token {
            token_type: Semicolon,
            position: 645,
            line: 17,
            column: 38,
        },
        Token {
            token_type: If,
            position: 650,
            line: 18,
            column: 5,
        },
        Token {
            token_type: LeftParen,
            position: 652,
            line: 18,
            column: 7,
        },
        Token {
            token_type: Identifier(
                "accept_res",
            ),
            position: 662,
            line: 18,
            column: 17,
        },
        Token {
            token_type: Is,
            position: 665,
            line: 18,
            column: 20,
        },
        Token {
            token_type: Identifier(
                "IoError",
            ),
            position: 673,
            line: 18,
            column: 28,
        },
        Token {
            token_type: RightParen,
            position: 674,
            line: 18,
            column: 29,
        },
        Token {
            token_type: LeftBrace,
            position: 676,
            line: 18,
            column: 31,
        },
        Token {
            token_type: Identifier(
                "println",
            ),
            position: 688,
            line: 19,
            column: 12,
        },
        Token {
            token_type: LeftParen,
            position: 689,
            line: 19,
            column: 13,
        },
        Token {
            token_type: StringLit(
                "accept: ",
            ),
            position: 699,
            line: 19,
            column: 23,
        },
        Token {
            token_type: Plus,
            position: 701,
            line: 19,
            column: 25,
        },
        Token {
            token_type: LeftParen,
            position: 703,
            line: 19,
            column: 27,
        },
        Token {
            token_type: Identifier(
                "accept_res",
            ),
            position: 713,
            line: 19,
            column: 37,
        },
        Token {
            token_type: As,
            position: 716,
            line: 19,
            column: 40,
        },
        Token {
            token_type: Identifier(
                "IoError",
            ),
            position: 724,
            line: 19,
            column: 48,
        },
        Token {
            token_type: RightParen,
            position: 725,
            line: 19,
            column: 49,
        },
        Token {
            token_type: Dot,
            position: 726,
            line: 19,
            column: 50,
        },
        Token {
            token_type: Identifier(
                "message",
            ),
            position: 733,
            line: 19,
            column: 57,
        },
        Token {
            token_type: LeftParen,
            position: 734,
            line: 19,
            column: 58,
        },
        Token {
            token_type: RightParen,
            position: 735,
            line: 19,
            column: 59,
        },
        Token {
            token_type: RightParen,
            position: 736,
            line: 19,
            column: 60,
        },
        Token {
            token_type: Semicolon,
            position: 737,
            line: 19,
            column: 61,
        },
        Token {
            token_type: Identifier(
                "listener",
            ),
            position: 750,
            line: 20,
            column: 13,
        },
        Token {
            token_type: Dot,
            position: 751,
            line: 20,
            column: 14,
        },
        Token {
            token_type: Identifier(
                "close",
            ),
            position: 756,
            line: 20,
            column: 19,
        },
        Token {
            token_type: LeftParen,
            position: 757,
            line: 20,
            column: 20,
        },
        Token {
            token_type: RightParen,
            position: 758,
            line: 20,
            column: 21,
        },
        Token {
            token_type: Semicolon,
            position: 759,
            line: 20,
            column: 22,
        },
        Token {
            token_type: Return,
            position: 770,
            line: 21,
            column: 11,
        },
        Token {
            token_type: Int(
                "1",
            ),
            position: 772,
            line: 21,
            column: 13,
        },
        Token {
            token_type: Semicolon,
            position: 773,
            line: 21,
            column: 14,
        },
        Token {
            token_type: RightBrace,
            position: 777,
            line: 22,
            column: 4,
        },
        Token {
            token_type: Var,
            position: 783,
            line: 23,
            column: 6,
        },
        Token {
            token_type: Identifier(
                "client",
            ),
            position: 790,
            line: 23,
            column: 13,
        },
        Token {
            token_type: Eq,
            position: 792,
            line: 23,
            column: 15,
        },
        Token {
            token_type: Identifier(
                "accept_res",
            ),
            position: 803,
            line: 23,
            column: 26,
        },
        Token {
            token_type: As,
            position: 806,
            line: 23,
            column: 29,
        },
        Token {
            token_type: Identifier(
                "TcpStream",
            ),
            position: 816,
            line: 23,
            column: 39,
        },
        Token {
            token_type: Semicolon,
            position: 817,
            line: 23,
            column: 40,
        },
        Token {
            token_type: Identifier(
                "println",
            ),
            position: 827,
            line: 24,
            column: 10,
        },
        Token {
            token_type: LeftParen,
            position: 828,
            line: 24,
            column: 11,
        },
        Token {
            token_type: StringLit(
                "client connected",
            ),
            position: 846,
            line: 24,
            column: 29,
        },
        Token {
            token_type: RightParen,
            position: 847,
            line: 24,
            column: 30,
        },
        Token {
            token_type: Semicolon,
            position: 848,
            line: 24,
            column: 31,
        },
        Token {
            token_type: Var,
            position: 855,
            line: 26,
            column: 6,
        },
        Token {
            token_type: Identifier(
                "read_res",
            ),
            position: 864,
            line: 26,
            column: 15,
        },
        Token {
            token_type: Eq,
            position: 866,
            line: 26,
            column: 17,
        },
        Token {
            token_type: Identifier(
                "client",
            ),
            position: 873,
            line: 26,
            column: 24,
        },
        Token {
            token_type: Dot,
            position: 874,
            line: 26,
            column: 25,
        },
        Token {
            token_type: Identifier(
                "read",
            ),
            position: 878,
            line: 26,
            column: 29,
        },
        Token {
            token_type: LeftParen,
            position: 879,
            line: 26,
            column: 30,
        },
        Token {
            token_type: Int(
                "1024",
            ),
            position: 883,
            line: 26,
            column: 34,
        },
        Token {
            token_type: As,
            position: 886,
            line: 26,
            column: 37,
        },
        Token {
            token_type: Identifier(
                "u64",
            ),
            position: 890,
            line: 26,
            column: 41,
        },
        Token {
            token_type: RightParen,
            position: 891,
            line: 26,
            column: 42,
        },
        Token {
            token_type: Semicolon,
            position: 892,
            line: 26,
            column: 43,
        },
        Token {
            token_type: If,
            position: 897,
            line: 27,
            column: 5,
        },
        Token {
            token_type: LeftParen,
            position: 899,
            line: 27,
            column: 7,
        },
        Token {
            token_type: Identifier(
                "read_res",
            ),
            position: 907,
            line: 27,
            column: 15,
        },
        Token {
            token_type: Is,
            position: 910,
            line: 27,
            column: 18,
        },
        Token {
            token_type: Identifier(
                "IoError",
            ),
            position: 918,
            line: 27,
            column: 26,
        },
        Token {
            token_type: RightParen,
            position: 919,
            line: 27,
            column: 27,
        },
        Token {
            token_type: LeftBrace,
            position: 921,
            line: 27,
            column: 29,
        },
        Token {
            token_type: Identifier(
                "println",
            ),
            position: 933,
            line: 28,
            column: 12,
        },
        Token {
            token_type: LeftParen,
            position: 934,
            line: 28,
            column: 13,
        },
        Token {
            token_type: StringLit(
                "read: ",
            ),
            position: 942,
            line: 28,
            column: 21,
        },
        Token {
            token_type: Plus,
            position: 944,
            line: 28,
            column: 23,
        },
        Token {
            token_type: LeftParen,
            position: 946,
            line: 28,
            column: 25,
        },
        Token {
            token_type: Identifier(
                "read_res",
            ),
            position: 954,
            line: 28,
            column: 33,
        },
        Token {
            token_type: As,
            position: 957,
            line: 28,
            column: 36,
        },
        Token {
            token_type: Identifier(
                "IoError",
            ),
            position: 965,
            line: 28,
            column: 44,
        },
        Token {
            token_type: RightParen,
            position: 966,
            line: 28,
            column: 45,
        },
        Token {
            token_type: Dot,
            position: 967,
            line: 28,
            column: 46,
        },
        Token {
            token_type: Identifier(
                "message",
            ),
            position: 974,
            line: 28,
            column: 53,
        },
        Token {
            token_type: LeftParen,
            position: 975,
            line: 28,
            column: 54,
        },
        Token {
            token_type: RightParen,
            position: 976,
            line: 28,
            column: 55,
        },
        Token {
            token_type: RightParen,
            position: 977,
            line: 28,
            column: 56,
        },
        Token {
            token_type: Semicolon,
            position: 978,
            line: 28,
            column: 57,
        },
        Token {
            token_type: RightBrace,
            position: 982,
            line: 29,
            column: 4,
        },
        Token {
            token_type: Else,
            position: 987,
            line: 29,
            column: 9,
        },
        Token {
            token_type: LeftBrace,
            position: 989,
            line: 29,
            column: 11,
        },
        Token {
            token_type: Var,
            position: 997,
            line: 30,
            column: 8,
        },
        Token {
            token_type: Identifier(
                "r",
            ),
            position: 999,
            line: 30,
            column: 10,
        },
        Token {
            token_type: Eq,
            position: 1001,
            line: 30,
            column: 12,
        },
        Token {
            token_type: Identifier(
                "read_res",
            ),
            position: 1010,
            line: 30,
            column: 21,
        },
        Token {
            token_type: As,
            position: 1013,
            line: 30,
            column: 24,
        },
        Token {
            token_type: Identifier(
                "ReadResult",
            ),
            position: 1024,
            line: 30,
            column: 35,
        },
        Token {
            token_type: Semicolon,
            position: 1025,
            line: 30,
            column: 36,
        },
        Token {
            token_type: Identifier(
                "println",
            ),
            position: 1037,
            line: 31,
            column: 12,
        },
        Token {
            token_type: LeftParen,
            position: 1038,
            line: 31,
            column: 13,
        },
        Token {
            token_type: StringLit(
                "read ",
            ),
            position: 1045,
            line: 31,
            column: 20,
        },
        Token {
            token_type: Plus,
            position: 1047,
            line: 31,
            column: 22,
        },
        Token {
            token_type: LeftParen,
            position: 1049,
            line: 31,
            column: 24,
        },
        Token {
            token_type: Identifier(
                "r",
            ),
            position: 1050,
            line: 31,
            column: 25,
        },
        Token {
            token_type: Dot,
            position: 1051,
            line: 31,
            column: 26,
        },
        Token {
            token_type: Identifier(
                "len",
            ),
            position: 1054,
            line: 31,
            column: 29,
        },
        Token {
            token_type: As,
            position: 1057,
            line: 31,
            column: 32,
        },
        Token {
            token_type: Identifier(
                "str",
            ),
            position: 1061,
            line: 31,
            column: 36,
        },
        Token {
            token_type: RightParen,
            position: 1062,
            line: 31,
            column: 37,
        },
        Token {
            token_type: Plus,
            position: 1064,
            line: 31,
            column: 39,
        },
        Token {
            token_type: StringLit(
                " bytes; echoing",
            ),
            position: 1082,
            line: 31,
            column: 57,
        },
        Token {
            token_type: RightParen,
            position: 1083,
            line: 31,
            column: 58,
        },
        Token {
            token_type: Semicolon,
            position: 1084,
            line: 31,
            column: 59,
        },
        Token {
            token_type: Var,
            position: 1092,
            line: 32,
            column: 8,
        },
        Token {
            token_type: Identifier(
                "w",
            ),
            position: 1094,
            line: 32,
            column: 10,
        },
        Token {
            token_type: Eq,
            position: 1096,
            line: 32,
            column: 12,
        },
        Token {
            token_type: Identifier(
                "client",
            ),
            position: 1103,
            line: 32,
            column: 19,
        },
        Token {
            token_type: Dot,
            position: 1104,
            line: 32,
            column: 20,
        },
        Token {
            token_type: Identifier(
                "write",
            ),
            position: 1109,
            line: 32,
            column: 25,
        },
        Token {
            token_type: LeftParen,
            position: 1110,
            line: 32,
            column: 26,
        },
        Token {
            token_type: Identifier(
                "r",
            ),
            position: 1111,
            line: 32,
            column: 27,
        },
        Token {
            token_type: Dot,
            position: 1112,
            line: 32,
            column: 28,
        },
        Token {
            token_type: Identifier(
                "buf",
            ),
            position: 1115,
            line: 32,
            column: 31,
        },
        Token {
            token_type: Comma,
            position: 1116,
            line: 32,
            column: 32,
        },
        Token {
            token_type: Identifier(
                "r",
            ),
            position: 1118,
            line: 32,
            column: 34,
        },
        Token {
            token_type: Dot,
            position: 1119,
            line: 32,
            column: 35,
        },
        Token {
            token_type: Identifier(
                "len",
            ),
            position: 1122,
            line: 32,
            column: 38,
        },
        Token {
            token_type: As,
            position: 1125,
            line: 32,
            column: 41,
        },
        Token {
            token_type: Identifier(
                "u64",
            ),
            position: 1129,
            line: 32,
            column: 45,
        },
        Token {
            token_type: RightParen,
            position: 1130,
            line: 32,
            column: 46,
        },
        Token {
            token_type: Semicolon,
            position: 1131,
            line: 32,
            column: 47,
        },
        Token {
            token_type: If,
            position: 1138,
            line: 33,
            column: 7,
        },
        Token {
            token_type: LeftParen,
            position: 1140,
            line: 33,
            column: 9,
        },
        Token {
            token_type: Identifier(
                "w",
            ),
            position: 1141,
            line: 33,
            column: 10,
        },
        Token {
            token_type: Is,
            position: 1144,
            line: 33,
            column: 13,
        },
        Token {
            token_type: Identifier(
                "IoError",
            ),
            position: 1152,
            line: 33,
            column: 21,
        },
        Token {
            token_type: RightParen,
            position: 1153,
            line: 33,
            column: 22,
        },
        Token {
            token_type: LeftBrace,
            position: 1155,
            line: 33,
            column: 24,
        },
        Token {
            token_type: Identifier(
                "println",
            ),
            position: 1169,
            line: 34,
            column: 14,
        },
        Token {
            token_type: LeftParen,
            position: 1170,
            line: 34,
            column: 15,
        },
        Token {
            token_type: StringLit(
                "write: ",
            ),
            position: 1179,
            line: 34,
            column: 24,
        },
        Token {
            token_type: Plus,
            position: 1181,
            line: 34,
            column: 26,
        },
        Token {
            token_type: LeftParen,
            position: 1183,
            line: 34,
            column: 28,
        },
        Token {
            token_type: Identifier(
                "w",
            ),
            position: 1184,
            line: 34,
            column: 29,
        },
        Token {
            token_type: As,
            position: 1187,
            line: 34,
            column: 32,
        },
        Token {
            token_type: Identifier(
                "IoError",
            ),
            position: 1195,
            line: 34,
            column: 40,
        },
        Token {
            token_type: RightParen,
            position: 1196,
            line: 34,
            column: 41,
        },
        Token {
            token_type: Dot,
            position: 1197,
            line: 34,
            column: 42,
        },
        Token {
            token_type: Identifier(
                "message",
            ),
            position: 1204,
            line: 34,
            column: 49,
        },
        Token {
            token_type: LeftParen,
            position: 1205,
            line: 34,
            column: 50,
        },
        Token {
            token_type: RightParen,
            position: 1206,
            line: 34,
            column: 51,
        },
        Token {
            token_type: RightParen,
            position: 1207,
            line: 34,
            column: 52,
        },
        Token {
            token_type: Semicolon,
            position: 1208,
            line: 34,
            column: 53,
        },
        Token {
            token_type: RightBrace,
            position: 1214,
            line: 35,
            column: 6,
        },
        Token {
            token_type: Identifier(
                "r",
            ),
            position: 1220,
            line: 36,
            column: 6,
        },
        Token {
            token_type: Dot,
            position: 1221,
            line: 36,
            column: 7,
        },
        Token {
            token_type: Identifier(
                "free",
            ),
            position: 1225,
            line: 36,
            column: 11,
        },
        Token {
            token_type: LeftParen,
            position: 1226,
            line: 36,
            column: 12,
        },
        Token {
            token_type: RightParen,
            position: 1227,
            line: 36,
            column: 13,
        },
        Token {
            token_type: Semicolon,
            position: 1228,
            line: 36,
            column: 14,
        },
        Token {
            token_type: RightBrace,
            position: 1232,
            line: 37,
            column: 4,
        },
        Token {
            token_type: Identifier(
                "client",
            ),
            position: 1242,
            line: 39,
            column: 9,
        },
        Token {
            token_type: Dot,
            position: 1243,
            line: 39,
            column: 10,
        },
        Token {
            token_type: Identifier(
                "close",
            ),
            position: 1248,
            line: 39,
            column: 15,
        },
        Token {
            token_type: LeftParen,
            position: 1249,
            line: 39,
            column: 16,
        },
        Token {
            token_type: RightParen,
            position: 1250,
            line: 39,
            column: 17,
        },
        Token {
            token_type: Semicolon,
            position: 1251,
            line: 39,
            column: 18,
        },
        Token {
            token_type: Identifier(
                "listener",
            ),
            position: 1262,
            line: 40,
            column: 11,
        },
        Token {
            token_type: Dot,
            position: 1263,
            line: 40,
            column: 12,
        },
        Token {
            token_type: Identifier(
                "close",
            ),
            position: 1268,
            line: 40,
            column: 17,
        },
        Token {
            token_type: LeftParen,
            position: 1269,
            line: 40,
            column: 18,
        },
        Token {
            token_type: RightParen,
            position: 1270,
            line: 40,
            column: 19,
        },
        Token {
            token_type: Semicolon,
            position: 1271,
            line: 40,
            column: 20,
        },
        Token {
            token_type: Int(
                "0",
            ),
            position: 1275,
            line: 41,
            column: 4,
        },
        Token {
            token_type: RightBrace,
            position: 1277,
            line: 42,
            column: 2,
        },
    ],
)
