---
source: tests/parser_snapshots.rs
expression: ast
input_file: examples/validator/p5_call_resolves_module_function.of
---
Ok(
    Program {
        items: [
            Item {
                kind: Function(
                    FunctionDecl {
                        name: "f",
                        has_self_param: false,
                        is_extern: false,
                        generics: [],
                        return_type: None,
                        params: [],
                        body: Some(
                            Block {
                                statements: [],
                                returns: None,
                            },
                        ),
                        span: Span {
                            line: 1,
                            col: 9,
                            len: 8,
                        },
                    },
                ),
                span: Span {
                    line: 1,
                    col: 9,
                    len: 8,
                },
            },
            Item {
                kind: Function(
                    FunctionDecl {
                        name: "test",
                        has_self_param: false,
                        is_extern: false,
                        generics: [],
                        return_type: None,
                        params: [],
                        body: Some(
                            Block {
                                statements: [
                                    Expr(
                                        Call(
                                            Variable(
                                                "f",
                                            ),
                                            [],
                                            [],
                                        ),
                                    ),
                                ],
                                returns: None,
                            },
                        ),
                        span: Span {
                            line: 2,
                            col: 9,
                            len: 8,
                        },
                    },
                ),
                span: Span {
                    line: 2,
                    col: 9,
                    len: 8,
                },
            },
        ],
    },
)
