---
source: tests/validator_snapshots.rs
expression: result
input_file: examples/networking/02_tcp_client.of
---
ValidationErrors(
    [
        "invalid operator 'Gt' for operand of type 'null' in function 'test_module::main'",
        "invalid operator 'Lt' for operand of type 'null' in function 'test_module::main'",
        "invalid operator 'Lt' for operand of type 'null' in function 'test_module::main'",
        "invalid operator 'Lt' for operand of type 'null' in function 'test_module::main'",
        "type mismatch in function 'test_module::main' (binary Gt): expected 'null', found 'int64'",
        "type mismatch in function 'test_module::main' (binary Lt): expected 'null', found 'int64'",
        "type mismatch in function 'test_module::main' (binary Lt): expected 'null', found 'int64'",
        "type mismatch in function 'test_module::main' (binary Lt): expected 'null', found 'int64'",
        "module 'test_module' imports unknown module 'of:core'",
        "module 'test_module' imports unknown module 'of:core'",
        "module 'test_module' imports unknown module 'of_io'",
        "unknown type 'Buffer' in module 'test_module'",
        "unknown type 'Buffer' in module 'test_module'",
        "unknown variable '__of_errno' in function 'test_module::errno_str'",
        "unknown variable 'AF_INET' in function 'test_module::main'",
        "unknown variable 'SOCK_STREAM' in function 'test_module::main'",
        "unknown variable '__of_buffer_alloc' in function 'test_module::main'",
        "unknown variable '__of_buffer_alloc' in function 'test_module::main'",
        "unknown variable '__of_buffer_free' in function 'test_module::main'",
        "unknown variable '__of_buffer_free' in function 'test_module::main'",
        "unknown variable '__of_buffer_free' in function 'test_module::main'",
        "unknown variable '__of_buffer_free' in function 'test_module::main'",
        "unknown variable '__of_buffer_set' in function 'test_module::main'",
        "unknown variable '__of_buffer_set' in function 'test_module::main'",
        "unknown variable '__of_buffer_set' in function 'test_module::main'",
        "unknown variable '__of_buffer_set' in function 'test_module::main'",
        "unknown variable '__of_buffer_set' in function 'test_module::main'",
        "unknown variable '__of_close' in function 'test_module::main'",
        "unknown variable '__of_close' in function 'test_module::main'",
        "unknown variable '__of_connect' in function 'test_module::main'",
        "unknown variable '__of_htonl' in function 'test_module::main'",
        "unknown variable '__of_htons' in function 'test_module::main'",
        "unknown variable '__of_read' in function 'test_module::main'",
        "unknown variable '__of_sockaddr_in' in function 'test_module::main'",
        "unknown variable '__of_socket' in function 'test_module::main'",
        "unknown variable '__of_write' in function 'test_module::main'",
        "unknown variable '__of_write' in function 'test_module::main'",
        "unknown variable 'println' in function 'test_module::main'",
        "unknown variable 'println' in function 'test_module::main'",
        "unknown variable 'println' in function 'test_module::main'",
        "unknown variable 'println' in function 'test_module::main'",
        "unknown variable 'println' in function 'test_module::main'",
        "unknown variable 'println' in function 'test_module::main'",
        "unknown variable 'println' in function 'test_module::main'",
        "unknown variable 'println' in function 'test_module::main'",
        "unknown variable 'println' in function 'test_module::main'",
    ],
)
