---
source: tests/validator_snapshots.rs
expression: result
input_file: examples/networking/03_nonblocking_select.of
---
ValidationErrors(
    [
        "invalid operator 'Add' for operand of type 'null' in function 'test_module::main'",
        "invalid operator 'Lt' for operand of type 'null' in function 'test_module::main'",
        "invalid operator 'Lt' for operand of type 'null' in function 'test_module::main'",
        "invalid operator 'Lt' for operand of type 'null' in function 'test_module::main'",
        "invalid operator 'Lt' for operand of type 'null' in function 'test_module::main'",
        "invalid operator 'Lt' for operand of type 'null' in function 'test_module::main'",
        "invalid operator 'Lt' for operand of type 'null' in function 'test_module::main'",
        "type mismatch in function 'test_module::main' (binary Add): expected 'null', found 'int64'",
        "type mismatch in function 'test_module::main' (binary Eq): expected 'null', found 'int64'",
        "type mismatch in function 'test_module::main' (binary Lt): expected 'null', found 'int64'",
        "type mismatch in function 'test_module::main' (binary Lt): expected 'null', found 'int64'",
        "type mismatch in function 'test_module::main' (binary Lt): expected 'null', found 'int64'",
        "type mismatch in function 'test_module::main' (binary Lt): expected 'null', found 'int64'",
        "type mismatch in function 'test_module::main' (binary Lt): expected 'null', found 'int64'",
        "type mismatch in function 'test_module::main' (binary Lt): expected 'null', found 'int64'",
        "type mismatch in function 'test_module::main' (if condition): expected 'bool', found 'null'",
        "module 'test_module' imports unknown module 'of:core'",
        "module 'test_module' imports unknown module 'of:core'",
        "module 'test_module' imports unknown module 'of_io'",
        "unknown type 'Buffer' in module 'test_module'",
        "unknown variable '__of_errno' in function 'test_module::errno_str'",
        "unknown variable 'AF_INET' in function 'test_module::main'",
        "unknown variable 'F_SETFL' in function 'test_module::main'",
        "unknown variable 'O_NONBLOCK' in function 'test_module::main'",
        "unknown variable 'SOCK_STREAM' in function 'test_module::main'",
        "unknown variable '__of_accept' in function 'test_module::main'",
        "unknown variable '__of_bind' in function 'test_module::main'",
        "unknown variable '__of_buffer_alloc' in function 'test_module::main'",
        "unknown variable '__of_buffer_free' in function 'test_module::main'",
        "unknown variable '__of_buffer_free' in function 'test_module::main'",
        "unknown variable '__of_buffer_free' in function 'test_module::main'",
        "unknown variable '__of_buffer_free' in function 'test_module::main'",
        "unknown variable '__of_buffer_free' in function 'test_module::main'",
        "unknown variable '__of_buffer_free' in function 'test_module::main'",
        "unknown variable '__of_buffer_free' in function 'test_module::main'",
        "unknown variable '__of_close' in function 'test_module::main'",
        "unknown variable '__of_close' in function 'test_module::main'",
        "unknown variable '__of_close' in function 'test_module::main'",
        "unknown variable '__of_close' in function 'test_module::main'",
        "unknown variable '__of_close' in function 'test_module::main'",
        "unknown variable '__of_fcntl' in function 'test_module::main'",
        "unknown variable '__of_fdset_isset' in function 'test_module::main'",
        "unknown variable '__of_fdset_new' in function 'test_module::main'",
        "unknown variable '__of_fdset_set' in function 'test_module::main'",
        "unknown variable '__of_fdset_zero' in function 'test_module::main'",
        "unknown variable '__of_htonl' in function 'test_module::main'",
        "unknown variable '__of_htons' in function 'test_module::main'",
        "unknown variable '__of_listen' in function 'test_module::main'",
        "unknown variable '__of_select' in function 'test_module::main'",
        "unknown variable '__of_sockaddr_in' in function 'test_module::main'",
        "unknown variable '__of_sockaddr_in' in function 'test_module::main'",
        "unknown variable '__of_socket' in function 'test_module::main'",
        "unknown variable '__of_timeval' in function 'test_module::main'",
        "unknown variable 'println' in function 'test_module::main'",
        "unknown variable 'println' in function 'test_module::main'",
        "unknown variable 'println' in function 'test_module::main'",
        "unknown variable 'println' in function 'test_module::main'",
        "unknown variable 'println' in function 'test_module::main'",
        "unknown variable 'println' in function 'test_module::main'",
        "unknown variable 'println' in function 'test_module::main'",
        "unknown variable 'println' in function 'test_module::main'",
        "unknown variable 'println' in function 'test_module::main'",
        "unknown variable 'println' in function 'test_module::main'",
    ],
)
